Component: ARM Compiler 5.06 update 5 (build 528) Tool: armlink [4d35e2]

==============================================================================

Section Cross References

    startup_stm32f10x_md.o(STACK) refers (Special) to heapauxi.o(.text) for __use_two_region_memory
    startup_stm32f10x_md.o(HEAP) refers (Special) to heapauxi.o(.text) for __use_two_region_memory
    startup_stm32f10x_md.o(RESET) refers (Special) to heapauxi.o(.text) for __use_two_region_memory
    startup_stm32f10x_md.o(RESET) refers to startup_stm32f10x_md.o(STACK) for __initial_sp
    startup_stm32f10x_md.o(RESET) refers to startup_stm32f10x_md.o(.text) for Reset_Handler
    startup_stm32f10x_md.o(RESET) refers to stm32f10x_it.o(i.NMI_Handler) for NMI_Handler
    startup_stm32f10x_md.o(RESET) refers to stm32f10x_it.o(i.HardFault_Handler) for HardFault_Handler
    startup_stm32f10x_md.o(RESET) refers to stm32f10x_it.o(i.MemManage_Handler) for MemManage_Handler
    startup_stm32f10x_md.o(RESET) refers to stm32f10x_it.o(i.BusFault_Handler) for BusFault_Handler
    startup_stm32f10x_md.o(RESET) refers to stm32f10x_it.o(i.UsageFault_Handler) for UsageFault_Handler
    startup_stm32f10x_md.o(RESET) refers to stm32f10x_it.o(i.SVC_Handler) for SVC_Handler
    startup_stm32f10x_md.o(RESET) refers to stm32f10x_it.o(i.DebugMon_Handler) for DebugMon_Handler
    startup_stm32f10x_md.o(RESET) refers to stm32f10x_it.o(i.PendSV_Handler) for PendSV_Handler
    startup_stm32f10x_md.o(RESET) refers to stm32f10x_it.o(i.SysTick_Handler) for SysTick_Handler
    startup_stm32f10x_md.o(RESET) refers to serial.o(i.USART2_IRQHandler) for USART2_IRQHandler
    startup_stm32f10x_md.o(.text) refers (Special) to heapauxi.o(.text) for __use_two_region_memory
    startup_stm32f10x_md.o(.text) refers to system_stm32f10x.o(i.SystemInit) for SystemInit
    startup_stm32f10x_md.o(.text) refers to __main.o(!!!main) for __main
    startup_stm32f10x_md.o(.text) refers to startup_stm32f10x_md.o(HEAP) for Heap_Mem
    startup_stm32f10x_md.o(.text) refers to startup_stm32f10x_md.o(STACK) for Stack_Mem
    system_stm32f10x.o(i.SetSysClock) refers to system_stm32f10x.o(i.SetSysClockTo72) for SetSysClockTo72
    system_stm32f10x.o(i.SystemCoreClockUpdate) refers to system_stm32f10x.o(.data) for SystemCoreClock
    system_stm32f10x.o(i.SystemInit) refers to system_stm32f10x.o(i.SetSysClock) for SetSysClock
    stm32f10x_adc.o(i.ADC_DeInit) refers to stm32f10x_rcc.o(i.RCC_APB2PeriphResetCmd) for RCC_APB2PeriphResetCmd
    stm32f10x_bkp.o(i.BKP_DeInit) refers to stm32f10x_rcc.o(i.RCC_BackupResetCmd) for RCC_BackupResetCmd
    stm32f10x_can.o(i.CAN_DeInit) refers to stm32f10x_rcc.o(i.RCC_APB1PeriphResetCmd) for RCC_APB1PeriphResetCmd
    stm32f10x_can.o(i.CAN_GetITStatus) refers to stm32f10x_can.o(i.CheckITStatus) for CheckITStatus
    stm32f10x_cec.o(i.CEC_DeInit) refers to stm32f10x_rcc.o(i.RCC_APB1PeriphResetCmd) for RCC_APB1PeriphResetCmd
    stm32f10x_dac.o(i.DAC_DeInit) refers to stm32f10x_rcc.o(i.RCC_APB1PeriphResetCmd) for RCC_APB1PeriphResetCmd
    stm32f10x_flash.o(i.FLASH_EnableWriteProtection) refers to stm32f10x_flash.o(i.FLASH_WaitForLastOperation) for FLASH_WaitForLastOperation
    stm32f10x_flash.o(i.FLASH_EraseAllBank1Pages) refers to stm32f10x_flash.o(i.FLASH_WaitForLastBank1Operation) for FLASH_WaitForLastBank1Operation
    stm32f10x_flash.o(i.FLASH_EraseAllPages) refers to stm32f10x_flash.o(i.FLASH_WaitForLastOperation) for FLASH_WaitForLastOperation
    stm32f10x_flash.o(i.FLASH_EraseOptionBytes) refers to stm32f10x_flash.o(i.FLASH_GetReadOutProtectionStatus) for FLASH_GetReadOutProtectionStatus
    stm32f10x_flash.o(i.FLASH_EraseOptionBytes) refers to stm32f10x_flash.o(i.FLASH_WaitForLastOperation) for FLASH_WaitForLastOperation
    stm32f10x_flash.o(i.FLASH_ErasePage) refers to stm32f10x_flash.o(i.FLASH_WaitForLastOperation) for FLASH_WaitForLastOperation
    stm32f10x_flash.o(i.FLASH_ProgramHalfWord) refers to stm32f10x_flash.o(i.FLASH_WaitForLastOperation) for FLASH_WaitForLastOperation
    stm32f10x_flash.o(i.FLASH_ProgramOptionByteData) refers to stm32f10x_flash.o(i.FLASH_WaitForLastOperation) for FLASH_WaitForLastOperation
    stm32f10x_flash.o(i.FLASH_ProgramWord) refers to stm32f10x_flash.o(i.FLASH_WaitForLastOperation) for FLASH_WaitForLastOperation
    stm32f10x_flash.o(i.FLASH_ReadOutProtection) refers to stm32f10x_flash.o(i.FLASH_WaitForLastOperation) for FLASH_WaitForLastOperation
    stm32f10x_flash.o(i.FLASH_UserOptionByteConfig) refers to stm32f10x_flash.o(i.FLASH_WaitForLastOperation) for FLASH_WaitForLastOperation
    stm32f10x_flash.o(i.FLASH_WaitForLastBank1Operation) refers to stm32f10x_flash.o(i.FLASH_GetBank1Status) for FLASH_GetBank1Status
    stm32f10x_flash.o(i.FLASH_WaitForLastOperation) refers to stm32f10x_flash.o(i.FLASH_GetBank1Status) for FLASH_GetBank1Status
    stm32f10x_gpio.o(i.GPIO_AFIODeInit) refers to stm32f10x_rcc.o(i.RCC_APB2PeriphResetCmd) for RCC_APB2PeriphResetCmd
[...]
    ../fplib/dcmpi.s                         0x00000000   Number         0  dcmpi.o ABSOLUTE
    ../fplib/ddiv.s                          0x00000000   Number         0  ddiv.o ABSOLUTE
    ../fplib/deqf.s                          0x00000000   Number         0  deqf.o ABSOLUTE
    ../fplib/dleqf.s                         0x00000000   Number         0  dleqf.o ABSOLUTE
    ../fplib/dmul.s                          0x00000000   Number         0  dmul.o ABSOLUTE
    ../fplib/dnaninf.s                       0x00000000   Number         0  dnaninf.o ABSOLUTE
    ../fplib/dretinf.s                       0x00000000   Number         0  dretinf.o ABSOLUTE
    ../fplib/drleqf.s                        0x00000000   Number         0  drleqf.o ABSOLUTE
    ../fplib/faddsub.s                       0x00000000   Number         0  faddsub_clz.o ABSOLUTE
    ../fplib/fcmpi.s                         0x00000000   Number         0  fcmpi.o ABSOLUTE
    ../fplib/ffix.s                          0x00000000   Number         0  ffix.o ABSOLUTE
    ../fplib/fflt.s                          0x00000000   Number         0  fflt_clz.o ABSOLUTE
    ../fplib/fleqf.s                         0x00000000   Number         0  fleqf.o ABSOLUTE
    ../fplib/fmul.s                          0x00000000   Number         0  fmul.o ABSOLUTE
    ../fplib/fnaninf.s                       0x00000000   Number         0  fnaninf.o ABSOLUTE
    ../fplib/fpconst.s                       0x00000000   Number         0  fpconst.o ABSOLUTE
    ../fplib/fpinit.s                        0x00000000   Number         0  fpinit.o ABSOLUTE
    ../fplib/fretinf.s                       0x00000000   Number         0  fretinf.o ABSOLUTE
    ../fplib/frleqf.s                        0x00000000   Number         0  frleqf.o ABSOLUTE
    ../fplib/istatus.s                       0x00000000   Number         0  istatus.o ABSOLUTE
    ../fplib/printf1.s                       0x00000000   Number         0  printf1.o ABSOLUTE
    ../fplib/printf2.s                       0x00000000   Number         0  printf2.o ABSOLUTE
    ../fplib/printf2a.s                      0x00000000   Number         0  printf2a.o ABSOLUTE
    ../fplib/printf2b.s                      0x00000000   Number         0  printf2b.o ABSOLUTE
    ../fplib/retnan.s                        0x00000000   Number         0  retnan.o ABSOLUTE
    ../fplib/scalbn.s                        0x00000000   Number         0  scalbn.o ABSOLUTE
    ../fplib/scanf1.s                        0x00000000   Number         0  scanf1.o ABSOLUTE
    ../fplib/scanf2.s                        0x00000000   Number         0  scanf2.o ABSOLUTE
    ../fplib/scanf2a.s                       0x00000000   Number         0  scanf2a.o ABSOLUTE
    ../fplib/scanf2b.s                       0x00000000   Number         0  scanf2b.o ABSOLUTE
    ../fplib/trapv.s                         0x00000000   Number         0  trapv.o ABSOLUTE
    ../fplib/usenofp.s                       0x00000000   Number         0  usenofp.o ABSOLUTE
    ../mathlib/atof.c                        0x00000000   Number         0  atof.o ABSOLUTE
    ../mathlib/dunder.c                      0x00000000   Number         0  dunder.o ABSOLUTE
    ../mathlib/fpclassify.c                  0x00000000   Number         0  fpclassify.o ABSOLUTE
    ../mathlib/frexp.c                       0x00000000   Number         0  frexp.o ABSOLUTE
    ../mathlib/ldexp.c                       0x00000000   Number         0  ldexp.o ABSOLUTE
    ../mathlib/ldexp.c                       0x00000000   Number         0  ldexp_x.o ABSOLUTE
    ../mathlib/narrow.c                      0x00000000   Number         0  narrow.o ABSOLUTE
    ../mathlib/qnan.c                        0x00000000   Number         0  qnan.o ABSOLUTE
    Hardware\Control.c                       0x00000000   Number         0  control.o ABSOLUTE
    Hardware\ENCODER.c                       0x00000000   Number         0  encoder.o ABSOLUTE
    Hardware\Key.c                           0x00000000   Number         0  key.o ABSOLUTE
    Hardware\LED.c                           0x00000000   Number         0  led.o ABSOLUTE
    Hardware\Motor.c                         0x00000000   Number         0  motor.o ABSOLUTE
    Hardware\OLED.c                          0x00000000   Number         0  oled.o ABSOLUTE
    Hardware\Serial.c                        0x00000000   Number         0  serial.o ABSOLUTE
    Library\misc.c                           0x00000000   Number         0  misc.o ABSOLUTE
    Library\stm32f10x_adc.c                  0x00000000   Number         0  stm32f10x_adc.o ABSOLUTE
    Library\stm32f10x_bkp.c                  0x00000000   Number         0  stm32f10x_bkp.o ABSOLUTE
    Library\stm32f10x_can.c                  0x00000000   Number         0  stm32f10x_can.o ABSOLUTE
    Library\stm32f10x_cec.c                  0x00000000   Number         0  stm32f10x_cec.o ABSOLUTE
    Library\stm32f10x_crc.c                  0x00000000   Number         0  stm32f10x_crc.o ABSOLUTE
    Library\stm32f10x_dac.c                  0x00000000   Number         0  stm32f10x_dac.o ABSOLUTE
    Library\stm32f10x_dbgmcu.c               0x00000000   Number         0  stm32f10x_dbgmcu.o ABSOLUTE
    Library\stm32f10x_dma.c                  0x00000000   Number         0  stm32f10x_dma.o ABSOLUTE
    Library\stm32f10x_exti.c                 0x00000000   Number         0  stm32f10x_exti.o ABSOLUTE
    Library\stm32f10x_flash.c                0x00000000   Number         0  stm32f10x_flash.o ABSOLUTE
    Library\stm32f10x_fsmc.c                 0x00000000   Number         0  stm32f10x_fsmc.o ABSOLUTE
    Library\stm32f10x_gpio.c                 0x00000000   Number         0  stm32f10x_gpio.o ABSOLUTE
    Library\stm32f10x_i2c.c                  0x00000000   Number         0  stm32f10x_i2c.o ABSOLUTE
    Library\stm32f10x_iwdg.c                 0x00000000   Number         0  stm32f10x_iwdg.o ABSOLUTE
    Library\stm32f10x_pwr.c                  0x00000000   Number         0  stm32f10x_pwr.o ABSOLUTE
    Library\stm32f10x_rcc.c                  0x00000000   Number         0  stm32f10x_rcc.o ABSOLUTE
    Library\stm32f10x_rtc.c                  0x00000000   Number         0  stm32f10x_rtc.o ABSOLUTE
    Library\stm32f10x_sdio.c                 0x00000000   Number         0  stm32f10x_sdio.o ABSOLUTE
    Library\stm32f10x_spi.c                  0x00000000   Number         0  stm32f10x_spi.o ABSOLUTE
    Library\stm32f10x_tim.c                  0x00000000   Number         0  stm32f10x_tim.o ABSOLUTE
    Library\stm32f10x_usart.c                0x00000000   Number         0  stm32f10x_usart.o ABSOLUTE
    Library\stm32f10x_wwdg.c                 0x00000000   Number         0  stm32f10x_wwdg.o ABSOLUTE
    Start\\core_cm3.c                        0x00000000   Number         0  core_cm3.o ABSOLUTE
    Start\core_cm3.c                         0x00000000   Number         0  core_cm3.o ABSOLUTE
    Start\startup_stm32f10x_md.s             0x00000000   Number         0  startup_stm32f10x_md.o ABSOLUTE
    Start\system_stm32f10x.c                 0x00000000   Number         0  system_stm32f10x.o ABSOLUTE
    System\Delay.c                           0x00000000   Number         0  delay.o ABSOLUTE
    User\main.c                              0x00000000   Number         0  main.o ABSOLUTE
    User\stm32f10x_it.c                      0x00000000   Number         0  stm32f10x_it.o ABSOLUTE
    dc.s                                     0x00000000   Number         0  dc.o ABSOLUTE
    RESET                                    0x08000000   Section      236  startup_stm32f10x_md.o(RESET)
    !!!main                                  0x080000ec   Section        8  __main.o(!!!main)
    !!!scatter                               0x080000f4   Section       52  __scatter.o(!!!scatter)
    !!handler_copy                           0x08000128   Section       26  __scatter_copy.o(!!handler_copy)
    !!handler_zi                             0x08000144   Section       28  __scatter_zi.o(!!handler_zi)
    .ARM.Collect$$libinit$$00000000          0x08000160   Section        2  libinit.o(.ARM.Collect$$libinit$$00000000)
    .ARM.Collect$$libinit$$00000002          0x08000162   Section        0  libinit2.o(.ARM.Collect$$libinit$$00000002)
    .ARM.Collect$$libinit$$00000004          0x08000162   Section        0  libinit2.o(.ARM.Collect$$libinit$$00000004)
    .ARM.Collect$$libinit$$0000000A          0x08000162   Section        0  libinit2.o(.ARM.Collect$$libinit$$0000000A)
    .ARM.Collect$$libinit$$0000000C          0x08000162   Section        0  libinit2.o(.ARM.Collect$$libinit$$0000000C)
    .ARM.Collect$$libinit$$0000000E          0x08000162   Section        0  libinit2.o(.ARM.Collect$$libinit$$0000000E)
    .ARM.Collect$$libinit$$0000000F          0x08000162   Section        6  libinit2.o(.ARM.Collect$$libinit$$0000000F)
    .ARM.Collect$$libinit$$00000011          0x08000168   Section        0  libinit2.o(.ARM.Collect$$libinit$$00000011)
    .ARM.Collect$$libinit$$00000012          0x08000168   Section       12  libinit2.o(.ARM.Collect$$libinit$$00000012)
    .ARM.Collect$$libinit$$00000013          0x08000174   Section        0  libinit2.o(.ARM.Collect$$libinit$$00000013)
    .ARM.Collect$$libinit$$00000015          0x08000174   Section        0  libinit2.o(.ARM.Collect$$libinit$$00000015)
    .ARM.Collect$$libinit$$00000016          0x08000174   Section       10  libinit2.o(.ARM.Collect$$libinit$$00000016)
    .ARM.Collect$$libinit$$00000017          0x0800017e   Section        0  libinit2.o(.ARM.Collect$$libinit$$00000017)
    .ARM.Collect$$libinit$$00000019          0x0800017e   Section        0  libinit2.o(.ARM.Collect$$libinit$$00000019)
    .ARM.Collect$$libinit$$0000001B          0x0800017e   Section        0  libinit2.o(.ARM.Collect$$libinit$$0000001B)
    .ARM.Collect$$libinit$$0000001D          0x0800017e   Section        0  libinit2.o(.ARM.Collect$$libinit$$0000001D)
    .ARM.Collect$$libinit$$0000001F          0x0800017e   Section        0  libinit2.o(.ARM.Collect$$libinit$$0000001F)
    .ARM.Collect$$libinit$$00000021          0x0800017e   Section        0  libinit2.o(.ARM.Collect$$libinit$$00000021)
    .ARM.Collect$$libinit$$00000023          0x0800017e   Section        0  libinit2.o(.ARM.Collect$$libinit$$00000023)
    .ARM.Collect$$libinit$$00000025          0x0800017e   Section        0  libinit2.o(.ARM.Collect$$libinit$$00000025)
    .ARM.Collect$$libinit$$0000002C          0x0800017e   Section        0  libinit2.o(.ARM.Collect$$libinit$$0000002C)
    .ARM.Collect$$libinit$$0000002E          0x0800017e   Section        0  libinit2.o(.ARM.Collect$$libinit$$0000002E)
    .ARM.Collect$$libinit$$00000030          0x0800017e   Section        0  libinit2.o(.ARM.Collect$$libinit$$00000030)
    .ARM.Collect$$libinit$$00000032          0x0800017e   Section        0  libinit2.o(.ARM.Collect$$libinit$$00000032)
    .ARM.Collect$$libinit$$00000033          0x0800017e   Section        2  libinit2.o(.ARM.Collect$$libinit$$00000033)
    .ARM.Collect$$libshutdown$$00000000      0x08000180   Section        2  libshutdown.o(.ARM.Collect$$libshutdown$$00000000)
    .ARM.Collect$$libshutdown$$00000002      0x08000182   Section        0  libshutdown2.o(.ARM.Collect$$libshutdown$$00000002)
    .ARM.Collect$$libshutdown$$00000004      0x08000182   Section        0  libshutdown2.o(.ARM.Collect$$libshutdown$$00000004)
    .ARM.Collect$$libshutdown$$00000007      0x08000182   Section        0  libshutdown2.o(.ARM.Collect$$libshutdown$$00000007)
    .ARM.Collect$$libshutdown$$0000000A      0x08000182   Section        0  libshutdown2.o(.ARM.Collect$$libshutdown$$0000000A)
    .ARM.Collect$$libshutdown$$0000000C      0x08000182   Section        0  libshutdown2.o(.ARM.Collect$$libshutdown$$0000000C)
    .ARM.Collect$$libshutdown$$0000000F      0x08000182   Section        0  libshutdown2.o(.ARM.Collect$$libshutdown$$0000000F)
    .ARM.Collect$$libshutdown$$00000010      0x08000182   Section        2  libshutdown2.o(.ARM.Collect$$libshutdown$$00000010)
    .ARM.Collect$$rtentry$$00000000          0x08000184   Section        0  __rtentry.o(.ARM.Collect$$rtentry$$00000000)
    .ARM.Collect$$rtentry$$00000002          0x08000184   Section        0  __rtentry2.o(.ARM.Collect$$rtentry$$00000002)
    .ARM.Collect$$rtentry$$00000004          0x08000184   Section        6  __rtentry4.o(.ARM.Collect$$rtentry$$00000004)
    .ARM.Collect$$rtentry$$00000009          0x0800018a   Section        0  __rtentry2.o(.ARM.Collect$$rtentry$$00000009)
    .ARM.Collect$$rtentry$$0000000A          0x0800018a   Section        4  __rtentry2.o(.ARM.Collect$$rtentry$$0000000A)
    .ARM.Collect$$rtentry$$0000000C          0x0800018e   Section        0  __rtentry2.o(.ARM.Collect$$rtentry$$0000000C)
    .ARM.Collect$$rtentry$$0000000D          0x0800018e   Section        8  __rtentry2.o(.ARM.Collect$$rtentry$$0000000D)
    .ARM.Collect$$rtexit$$00000000           0x08000196   Section        2  rtexit.o(.ARM.Collect$$rtexit$$00000000)
    .ARM.Collect$$rtexit$$00000002           0x08000198   Section        0  rtexit2.o(.ARM.Collect$$rtexit$$00000002)
    .ARM.Collect$$rtexit$$00000003           0x08000198   Section        4  rtexit2.o(.ARM.Collect$$rtexit$$00000003)
    .ARM.Collect$$rtexit$$00000004           0x0800019c   Section        6  rtexit2.o(.ARM.Collect$$rtexit$$00000004)
    .text                                    0x080001a4   Section       64  startup_stm32f10x_md.o(.text)
    .text                                    0x080001e4   Section        0  heapauxi.o(.text)
    .text                                    0x080001ea   Section        0  _rserrno.o(.text)
    .text                                    0x08000200   Section        0  strtod.o(.text)
    _local_sscanf                            0x08000201   Thumb Code    60  strtod.o(.text)
    .text                                    0x080002a4   Section        8  rt_errno_addr_intlibspace.o(.text)
    .text                                    0x080002ac   Section        0  isspace.o(.text)
    .text                                    0x080002be   Section        0  _sgetc.o(.text)
    .text                                    0x08000300   Section        8  libspace.o(.text)
    .text                                    0x08000308   Section       74  sys_stackheap_outer.o(.text)
    .text                                    0x08000354   Section       16  rt_ctype_table.o(.text)
    .text                                    0x08000364   Section        8  rt_locale_intlibspace.o(.text)
    .text                                    0x0800036c   Section        0  scanf_fp.o(.text)
    _fp_value                                0x0800036d   Thumb Code   588  scanf_fp.o(.text)
    .text                                    0x08000864   Section        0  bigflt0.o(.text)
    .text                                    0x08000948   Section        0  exit.o(.text)
    .text                                    0x0800095c   Section      128  strcmpv7m.o(.text)
    .text                                    0x080009dc   Section        0  scanf_hexfp.o(.text)
    .text                                    0x08000cfc   Section        0  scanf_infnan.o(.text)
    .text                                    0x08000e30   Section        0  sys_exit.o(.text)
    .text                                    0x08000e3c   Section       38  llshl.o(.text)
    .text                                    0x08000e62   Section        0  _chval.o(.text)
    .text                                    0x08000e7e   Section        2  use_no_semi.o(.text)
    .text                                    0x08000e80   Section        0  indicate_semi.o(.text)
    CL$$btod_div_common                      0x08000e80   Section      824  btod.o(CL$$btod_div_common)
    CL$$btod_e2d                             0x080011b8   Section      132  btod.o(CL$$btod_e2d)
    CL$$btod_e2e                             0x0800123c   Section      220  btod.o(CL$$btod_e2e)
    CL$$btod_ediv                            0x08001318   Section       42  btod.o(CL$$btod_ediv)
    CL$$btod_edivd                           0x08001342   Section       42  btod.o(CL$$btod_edivd)
    CL$$btod_emul                            0x0800136c   Section       42  btod.o(CL$$btod_emul)
    CL$$btod_emuld                           0x08001396   Section       42  btod.o(CL$$btod_emuld)
    CL$$btod_mult_common                     0x080013c0   Section      580  btod.o(CL$$btod_mult_common)
    i.BusFault_Handler                       0x08001604   Section        0  stm32f10x_it.o(i.BusFault_Handler)
    i.DebugMon_Handler                       0x08001608   Section        0  stm32f10x_it.o(i.DebugMon_Handler)
    i.Encoder_Init                           0x0800160c   Section        0  encoder.o(i.Encoder_Init)
    i.GPIO_Init                              0x08001710   Section        0  stm32f10x_gpio.o(i.GPIO_Init)
    i.GPIO_ResetBits                         0x08001826   Section        0  stm32f10x_gpio.o(i.GPIO_ResetBits)
    i.GPIO_SetBits                           0x0800182a   Section        0  stm32f10x_gpio.o(i.GPIO_SetBits)
    i.GPIO_WriteBit                          0x0800182e   Section        0  stm32f10x_gpio.o(i.GPIO_WriteBit)
    i.HardFault_Handler                      0x08001838   Section        0  stm32f10x_it.o(i.HardFault_Handler)
    i.MemManage_Handler                      0x0800183c   Section        0  stm32f10x_it.o(i.MemManage_Handler)
    i.MotorA_SetSpeed                        0x08001840   Section        0  motor.o(i.MotorA_SetSpeed)
    i.MotorB_SetSpeed                        0x080018b4   Section        0  motor.o(i.MotorB_SetSpeed)
    i.Motor_Init                             0x08001928   Section        0  motor.o(i.Motor_Init)
    i.Motor_Stop                             0x080019e8   Section        0  motor.o(i.Motor_Stop)
    i.NMI_Handler                            0x08001a10   Section        0  stm32f10x_it.o(i.NMI_Handler)
    i.NVIC_Init                              0x08001a14   Section        0  misc.o(i.NVIC_Init)
    i.NVIC_PriorityGroupConfig               0x08001a84   Section        0  misc.o(i.NVIC_PriorityGroupConfig)
    i.OLED_Clear                             0x08001a98   Section        0  oled.o(i.OLED_Clear)
    i.OLED_I2C_Init                          0x08001ac4   Section        0  oled.o(i.OLED_I2C_Init)
    i.OLED_I2C_SendByte                      0x08001b14   Section        0  oled.o(i.OLED_I2C_SendByte)
    i.OLED_I2C_Start                         0x08001b70   Section        0  oled.o(i.OLED_I2C_Start)
    i.OLED_I2C_Stop                          0x08001ba4   Section        0  oled.o(i.OLED_I2C_Stop)
    i.OLED_Init                              0x08001bcc   Section        0  oled.o(i.OLED_Init)
    i.OLED_Pow                               0x08001c7a   Section        0  oled.o(i.OLED_Pow)
    i.OLED_SetCursor                         0x08001c8e   Section        0  oled.o(i.OLED_SetCursor)
    i.OLED_ShowChar                          0x08001cb0   Section        0  oled.o(i.OLED_ShowChar)
    i.OLED_ShowSignedNum                     0x08001d24   Section        0  oled.o(i.OLED_ShowSignedNum)
    i.OLED_ShowString                        0x08001d8a   Section        0  oled.o(i.OLED_ShowString)
    i.OLED_WriteCommand                      0x08001db2   Section        0  oled.o(i.OLED_WriteCommand)
    i.OLED_WriteData                         0x08001dd2   Section        0  oled.o(i.OLED_WriteData)
    i.PID_Init                               0x08001df4   Section        0  control.o(i.PID_Init)
    i.PendSV_Handler                         0x08001e10   Section        0  stm32f10x_it.o(i.PendSV_Handler)
    i.Position_PID_FindLine                  0x08001e14   Section        0  control.o(i.Position_PID_FindLine)
    i.RCC_APB1PeriphClockCmd                 0x08001eac   Section        0  stm32f10x_rcc.o(i.RCC_APB1PeriphClockCmd)
    i.RCC_APB2PeriphClockCmd                 0x08001ecc   Section        0  stm32f10x_rcc.o(i.RCC_APB2PeriphClockCmd)
    i.RCC_GetClocksFreq                      0x08001eec   Section        0  stm32f10x_rcc.o(i.RCC_GetClocksFreq)
    i.SVC_Handler                            0x08001fc0   Section        0  stm32f10x_it.o(i.SVC_Handler)
    i.Serial_Init                            0x08001fc4   Section        0  serial.o(i.Serial_Init)
    i.SetSysClock                            0x08002078   Section        0  system_stm32f10x.o(i.SetSysClock)
    SetSysClock                              0x08002079   Thumb Code     8  system_stm32f10x.o(i.SetSysClock)
    i.SetSysClockTo72                        0x08002080   Section        0  system_stm32f10x.o(i.SetSysClockTo72)
    SetSysClockTo72                          0x08002081   Thumb Code   214  system_stm32f10x.o(i.SetSysClockTo72)
    i.SysTick_Handler                        0x08002160   Section        0  stm32f10x_it.o(i.SysTick_Handler)
    i.SystemInit                             0x08002164   Section        0  system_stm32f10x.o(i.SystemInit)
    i.TI1_Config                             0x080021c4   Section        0  stm32f10x_tim.o(i.TI1_Config)
    TI1_Config                               0x080021c5   Thumb Code   108  stm32f10x_tim.o(i.TI1_Config)
    i.TI2_Config                             0x08002244   Section        0  stm32f10x_tim.o(i.TI2_Config)
    TI2_Config                               0x08002245   Thumb Code   130  stm32f10x_tim.o(i.TI2_Config)
    i.TI3_Config                             0x080022dc   Section        0  stm32f10x_tim.o(i.TI3_Config)
    TI3_Config                               0x080022dd   Thumb Code   122  stm32f10x_tim.o(i.TI3_Config)
    i.TI4_Config                             0x0800236c   Section        0  stm32f10x_tim.o(i.TI4_Config)
    TI4_Config                               0x0800236d   Thumb Code   130  stm32f10x_tim.o(i.TI4_Config)
    i.TIM_ARRPreloadConfig                   0x08002404   Section        0  stm32f10x_tim.o(i.TIM_ARRPreloadConfig)
    i.TIM_Cmd                                0x0800241c   Section        0  stm32f10x_tim.o(i.TIM_Cmd)
    i.TIM_EncoderInterfaceConfig             0x08002434   Section        0  stm32f10x_tim.o(i.TIM_EncoderInterfaceConfig)
    i.TIM_ICInit                             0x08002478   Section        0  stm32f10x_tim.o(i.TIM_ICInit)
    i.TIM_ICStructInit                       0x08002524   Section        0  stm32f10x_tim.o(i.TIM_ICStructInit)
    i.TIM_OC3Init                            0x08002538   Section        0  stm32f10x_tim.o(i.TIM_OC3Init)
    i.TIM_OC3PreloadConfig                   0x080025d8   Section        0  stm32f10x_tim.o(i.TIM_OC3PreloadConfig)
    i.TIM_OC4Init                            0x080025ec   Section        0  stm32f10x_tim.o(i.TIM_OC4Init)
    i.TIM_OC4PreloadConfig                   0x08002668   Section        0  stm32f10x_tim.o(i.TIM_OC4PreloadConfig)
    i.TIM_SetCompare3                        0x08002682   Section        0  stm32f10x_tim.o(i.TIM_SetCompare3)
    i.TIM_SetCompare4                        0x08002686   Section        0  stm32f10x_tim.o(i.TIM_SetCompare4)
    i.TIM_SetIC1Prescaler                    0x0800268c   Section        0  stm32f10x_tim.o(i.TIM_SetIC1Prescaler)
    i.TIM_SetIC2Prescaler                    0x0800269e   Section        0  stm32f10x_tim.o(i.TIM_SetIC2Prescaler)
    i.TIM_SetIC3Prescaler                    0x080026b8   Section        0  stm32f10x_tim.o(i.TIM_SetIC3Prescaler)
    i.TIM_SetIC4Prescaler                    0x080026ca   Section        0  stm32f10x_tim.o(i.TIM_SetIC4Prescaler)
    i.TIM_TimeBaseInit                       0x080026e4   Section        0  stm32f10x_tim.o(i.TIM_TimeBaseInit)
    i.TIM_TimeBaseStructInit                 0x08002788   Section        0  stm32f10x_tim.o(i.TIM_TimeBaseStructInit)
    i.USART2_IRQHandler                      0x0800279c   Section        0  serial.o(i.USART2_IRQHandler)
    i.USART_ClearITPendingBit                0x0800280c   Section        0  stm32f10x_usart.o(i.USART_ClearITPendingBit)
    i.USART_Cmd                              0x0800282a   Section        0  stm32f10x_usart.o(i.USART_Cmd)
    i.USART_GetITStatus                      0x08002842   Section        0  stm32f10x_usart.o(i.USART_GetITStatus)
    i.USART_ITConfig                         0x08002896   Section        0  stm32f10x_usart.o(i.USART_ITConfig)
    i.USART_Init                             0x080028e0   Section        0  stm32f10x_usart.o(i.USART_Init)
    i.USART_ReceiveData                      0x080029b8   Section        0  stm32f10x_usart.o(i.USART_ReceiveData)
    i.UsageFault_Handler                     0x080029c2   Section        0  stm32f10x_it.o(i.UsageFault_Handler)
    i.__mathlib_dbl_overflow                 0x080029c6   Section        0  dunder.o(i.__mathlib_dbl_overflow)
    i.__mathlib_dbl_underflow                0x080029d4   Section        0  dunder.o(i.__mathlib_dbl_underflow)
    i.__mathlib_narrow                       0x080029e4   Section        0  narrow.o(i.__mathlib_narrow)
    i.__mathlib_tofloat                      0x080029f4   Section        0  narrow.o(i.__mathlib_tofloat)
    i.__support_ldexp                        0x08002ab0   Section        0  ldexp.o(i.__support_ldexp)
    i._is_digit                              0x08002ac6   Section        0  __printf_wp.o(i._is_digit)
    i.atof                                   0x08002ad4   Section        0  atof.o(i.atof)
    i.frexp                                  0x08002b00   Section        0  frexp.o(i.frexp)
    i.ldexp                                  0x08002b58   Section        0  ldexp.o(i.ldexp)
    i.main                                   0x08002bcc   Section        0  main.o(i.main)
    locale$$code                             0x08002d6c   Section       44  lc_numeric_c.o(locale$$code)
    locale$$code                             0x08002d98   Section       44  lc_ctype_c.o(locale$$code)
    x$fpl$d2f                                0x08002dc4   Section       98  d2f.o(x$fpl$d2f)
    x$fpl$dcheck1                            0x08002e28   Section       16  dcheck1.o(x$fpl$dcheck1)
    x$fpl$dcmpinf                            0x08002e38   Section       24  dcmpi.o(x$fpl$dcmpinf)
    x$fpl$deqf                               0x08002e50   Section      120  deqf.o(x$fpl$deqf)
    x$fpl$dleqf                              0x08002ec8   Section      120  dleqf.o(x$fpl$dleqf)
    x$fpl$dnaninf                            0x08002f40   Section      156  dnaninf.o(x$fpl$dnaninf)
    x$fpl$drleqf                             0x08002fdc   Section      108  drleqf.o(x$fpl$drleqf)
    x$fpl$fadd                               0x08003048   Section      196  faddsub_clz.o(x$fpl$fadd)
    _fadd1                                   0x08003057   Thumb Code     0  faddsub_clz.o(x$fpl$fadd)
    x$fpl$fcmpinf                            0x0800310c   Section       24  fcmpi.o(x$fpl$fcmpinf)
    x$fpl$ffix                               0x08003124   Section       54  ffix.o(x$fpl$ffix)
    x$fpl$fflt                               0x0800315c   Section       48  fflt_clz.o(x$fpl$fflt)
    x$fpl$fleqf                              0x0800318c   Section      104  fleqf.o(x$fpl$fleqf)
    x$fpl$fmul                               0x080031f4   Section      258  fmul.o(x$fpl$fmul)
    x$fpl$fnaninf                            0x080032f6   Section      140  fnaninf.o(x$fpl$fnaninf)
    x$fpl$fretinf                            0x08003382   Section       10  fretinf.o(x$fpl$fretinf)
    x$fpl$frleqf                             0x0800338c   Section       98  frleqf.o(x$fpl$frleqf)
    x$fpl$fsub                               0x080033f0   Section      234  faddsub_clz.o(x$fpl$fsub)
    _fsub1                                   0x080033ff   Thumb Code     0  faddsub_clz.o(x$fpl$fsub)
    x$fpl$ieeestatus                         0x080034da   Section        6  istatus.o(x$fpl$ieeestatus)
    x$fpl$retnan                             0x080034e0   Section      100  retnan.o(x$fpl$retnan)
    x$fpl$scalbn                             0x08003544   Section       92  scalbn.o(x$fpl$scalbn)
    x$fpl$scanf1                             0x080035a0   Section        4  scanf1.o(x$fpl$scanf1)
    x$fpl$scanf2                             0x080035a4   Section        8  scanf2.o(x$fpl$scanf2)
    x$fpl$trapveneer                         0x080035ac   Section       48  trapv.o(x$fpl$trapveneer)
    .constdata                               0x080035dc   Section     1520  oled.o(.constdata)
    x$fpl$usenofp                            0x080035dc   Section        0  usenofp.o(x$fpl$usenofp)
    .constdata                               0x08003bcc   Section      148  bigflt0.o(.constdata)
    tenpwrs_x                                0x08003bcc   Data          60  bigflt0.o(.constdata)
    tenpwrs_i                                0x08003c08   Data          64  bigflt0.o(.constdata)
    c$$dinf                                  0x08003c80   Section        8  fpconst.o(c$$dinf)
    c$$dmax                                  0x08003c88   Section        8  fpconst.o(c$$dmax)
    locale$$data                             0x08003c90   Section       28  lc_numeric_c.o(locale$$data)
    __lcnum_c_name                           0x08003c94   Data           2  lc_numeric_c.o(locale$$data)
    __lcnum_c_start                          0x08003c9c   Data           0  lc_numeric_c.o(locale$$data)
    __lcnum_c_point                          0x08003ca8   Data           0  lc_numeric_c.o(locale$$data)
    __lcnum_c_thousands                      0x08003caa   Data           0  lc_numeric_c.o(locale$$data)
    __lcnum_c_grouping                       0x08003cab   Data           0  lc_numeric_c.o(locale$$data)
    locale$$data                             0x08003cac   Section      272  lc_ctype_c.o(locale$$data)
    __lcnum_c_end                            0x08003cac   Data           0  lc_numeric_c.o(locale$$data)
    __lcctype_c_name                         0x08003cb0   Data           2  lc_ctype_c.o(locale$$data)
    __lcctype_c_start                        0x08003cb8   Data           0  lc_ctype_c.o(locale$$data)
    __lcctype_c_end                          0x08003dbc   Data           0  lc_ctype_c.o(locale$$data)
    .data                                    0x20000000   Section       20  stm32f10x_rcc.o(.data)
    APBAHBPrescTable                         0x20000000   Data          16  stm32f10x_rcc.o(.data)
    ADCPrescTable                            0x20000010   Data           4  stm32f10x_rcc.o(.data)
    .data                                    0x20000014   Section        2  serial.o(.data)
    pRxPacket                                0x20000015   Data           1  serial.o(.data)
    .data                                    0x20000018   Section        8  main.o(.data)
    .bss                                     0x20000020   Section      100  serial.o(.bss)
    .bss                                     0x20000084   Section       28  control.o(.bss)
    .bss                                     0x200000a0   Section       96  libspace.o(.bss)
    HEAP                                     0x20000100   Section      512  startup_stm32f10x_md.o(HEAP)
    Heap_Mem                                 0x20000100   Data         512  startup_stm32f10x_md.o(HEAP)
    STACK                                    0x20000300   Section     1024  startup_stm32f10x_md.o(STACK)
    Stack_Mem                                0x20000300   Data        1024  startup_stm32f10x_md.o(STACK)
    __initial_sp                             0x20000700   Data           0  startup_stm32f10x_md.o(STACK)

    Global Symbols

    Symbol Name                              Value     Ov Type        Size  Object(Section)

    BuildAttributes$$THM_ISAv4$P$D$K$B$S$PE$A:L22UL41UL21$X:L11$S22US41US21$IEEE1$IW$USESV6$~STKCKD$USESV7$~SHL$OTIME$ROPI$IEEEX$EBA8$UX$STANDARDLIB$REQ8$PRES8$EABIv2 0x00000000   Number         0  anon$$obj.o ABSOLUTE
    __ARM_use_no_argv                        0x00000000   Number         0  main.o ABSOLUTE
    _printf_flags                            0x00000000   Number         0  printf_stubs.o ABSOLUTE
    _printf_return_value                     0x00000000   Number         0  printf_stubs.o ABSOLUTE
    _printf_sizespec                         0x00000000   Number         0  printf_stubs.o ABSOLUTE
    _printf_widthprec                        0x00000000   Number         0  printf_stubs.o ABSOLUTE
    __ARM_exceptions_init                     - Undefined Weak Reference
    __alloca_initialize                       - Undefined Weak Reference
    __arm_preinit_                            - Undefined Weak Reference
    __cpp_initialize__aeabi_                  - Undefined Weak Reference
    __cxa_finalize                            - Undefined Weak Reference
    __sigvec_lookup                           - Undefined Weak Reference
    _atexit_init                              - Undefined Weak Reference
    _call_atexit_fns                          - Undefined Weak Reference
    _clock_init                               - Undefined Weak Reference
    _fp_trap_init                             - Undefined Weak Reference
    _fp_trap_shutdown                         - Undefined Weak Reference
    _get_lc_collate                           - Undefined Weak Reference
    _get_lc_monetary                          - Undefined Weak Reference
    _get_lc_time                              - Undefined Weak Reference
    _getenv_init                              - Undefined Weak Reference
    _handle_redirection                       - Undefined Weak Reference
    _init_alloc                               - Undefined Weak Reference
    _init_user_alloc                          - Undefined Weak Reference
    _initio                                   - Undefined Weak Reference
    _printf_mbtowc                            - Undefined Weak Reference
    _printf_wc                                - Undefined Weak Reference
    _rand_init                                - Undefined Weak Reference
    _signal_finish                            - Undefined Weak Reference
    _signal_init                              - Undefined Weak Reference
    _terminate_alloc                          - Undefined Weak Reference
    _terminate_user_alloc                     - Undefined Weak Reference
    _terminateio                              - Undefined Weak Reference
    __Vectors_Size                           0x000000ec   Number         0  startup_stm32f10x_md.o ABSOLUTE
    __Vectors                                0x08000000   Data           4  startup_stm32f10x_md.o(RESET)
    __Vectors_End                            0x080000ec   Data           0  startup_stm32f10x_md.o(RESET)
    __main                                   0x080000ed   Thumb Code     8  __main.o(!!!main)
    __scatterload                            0x080000f5   Thumb Code     0  __scatter.o(!!!scatter)
    __scatterload_rt2                        0x080000f5   Thumb Code    44  __scatter.o(!!!scatter)
    __scatterload_rt2_thumb_only             0x080000f5   Thumb Code     0  __scatter.o(!!!scatter)
    __scatterload_null                       0x08000103   Thumb Code     0  __scatter.o(!!!scatter)
    __scatterload_copy                       0x08000129   Thumb Code    26  __scatter_copy.o(!!handler_copy)
    __scatterload_zeroinit                   0x08000145   Thumb Code    28  __scatter_zi.o(!!handler_zi)
    __rt_lib_init                            0x08000161   Thumb Code     0  libinit.o(.ARM.Collect$$libinit$$00000000)
    __rt_lib_init_fp_1                       0x08000163   Thumb Code     0  libinit2.o(.ARM.Collect$$libinit$$00000002)
    __rt_lib_init_heap_1                     0x08000163   Thumb Code     0  libinit2.o(.ARM.Collect$$libinit$$0000000A)
    __rt_lib_init_lc_common                  0x08000163   Thumb Code     0  libinit2.o(.ARM.Collect$$libinit$$0000000F)
    __rt_lib_init_preinit_1                  0x08000163   Thumb Code     0  libinit2.o(.ARM.Collect$$libinit$$00000004)
    __rt_lib_init_rand_1                     0x08000163   Thumb Code     0  libinit2.o(.ARM.Collect$$libinit$$0000000E)
    __rt_lib_init_user_alloc_1               0x08000163   Thumb Code     0  libinit2.o(.ARM.Collect$$libinit$$0000000C)
    __rt_lib_init_lc_collate_1               0x08000169   Thumb Code     0  libinit2.o(.ARM.Collect$$libinit$$00000011)
    __rt_lib_init_lc_ctype_2                 0x08000169   Thumb Code     0  libinit2.o(.ARM.Collect$$libinit$$00000012)
    __rt_lib_init_lc_ctype_1                 0x08000175   Thumb Code     0  libinit2.o(.ARM.Collect$$libinit$$00000013)
    __rt_lib_init_lc_monetary_1              0x08000175   Thumb Code     0  libinit2.o(.ARM.Collect$$libinit$$00000015)
    __rt_lib_init_lc_numeric_2               0x08000175   Thumb Code     0  libinit2.o(.ARM.Collect$$libinit$$00000016)
    __rt_lib_init_alloca_1                   0x0800017f   Thumb Code     0  libinit2.o(.ARM.Collect$$libinit$$0000002E)
    __rt_lib_init_argv_1                     0x0800017f   Thumb Code     0  libinit2.o(.ARM.Collect$$libinit$$0000002C)
    __rt_lib_init_atexit_1                   0x0800017f   Thumb Code     0  libinit2.o(.ARM.Collect$$libinit$$0000001B)
    __rt_lib_init_clock_1                    0x0800017f   Thumb Code     0  libinit2.o(.ARM.Collect$$libinit$$00000021)
    __rt_lib_init_cpp_1                      0x0800017f   Thumb Code     0  libinit2.o(.ARM.Collect$$libinit$$00000032)
    __rt_lib_init_exceptions_1               0x0800017f   Thumb Code     0  libinit2.o(.ARM.Collect$$libinit$$00000030)
    __rt_lib_init_fp_trap_1                  0x0800017f   Thumb Code     0  libinit2.o(.ARM.Collect$$libinit$$0000001F)
    __rt_lib_init_getenv_1                   0x0800017f   Thumb Code     0  libinit2.o(.ARM.Collect$$libinit$$00000023)
    __rt_lib_init_lc_numeric_1               0x0800017f   Thumb Code     0  libinit2.o(.ARM.Collect$$libinit$$00000017)
    __rt_lib_init_lc_time_1                  0x0800017f   Thumb Code     0  libinit2.o(.ARM.Collect$$libinit$$00000019)
    __rt_lib_init_return                     0x0800017f   Thumb Code     0  libinit2.o(.ARM.Collect$$libinit$$00000033)
    __rt_lib_init_signal_1                   0x0800017f   Thumb Code     0  libinit2.o(.ARM.Collect$$libinit$$0000001D)
    __rt_lib_init_stdio_1                    0x0800017f   Thumb Code     0  libinit2.o(.ARM.Collect$$libinit$$00000025)
    __rt_lib_shutdown                        0x08000181   Thumb Code     0  libshutdown.o(.ARM.Collect$$libshutdown$$00000000)
    __rt_lib_shutdown_cpp_1                  0x08000183   Thumb Code     0  libshutdown2.o(.ARM.Collect$$libshutdown$$00000002)
    __rt_lib_shutdown_fp_trap_1              0x08000183   Thumb Code     0  libshutdown2.o(.ARM.Collect$$libshutdown$$00000007)
    __rt_lib_shutdown_heap_1                 0x08000183   Thumb Code     0  libshutdown2.o(.ARM.Collect$$libshutdown$$0000000F)
    __rt_lib_shutdown_return                 0x08000183   Thumb Code     0  libshutdown2.o(.ARM.Collect$$libshutdown$$00000010)
    __rt_lib_shutdown_signal_1               0x08000183   Thumb Code     0  libshutdown2.o(.ARM.Collect$$libshutdown$$0000000A)
    __rt_lib_shutdown_stdio_1                0x08000183   Thumb Code     0  libshutdown2.o(.ARM.Collect$$libshutdown$$00000004)
    __rt_lib_shutdown_user_alloc_1           0x08000183   Thumb Code     0  libshutdown2.o(.ARM.Collect$$libshutdown$$0000000C)
    __rt_entry                               0x08000185   Thumb Code     0  __rtentry.o(.ARM.Collect$$rtentry$$00000000)
    __rt_entry_presh_1                       0x08000185   Thumb Code     0  __rtentry2.o(.ARM.Collect$$rtentry$$00000002)
    __rt_entry_sh                            0x08000185   Thumb Code     0  __rtentry4.o(.ARM.Collect$$rtentry$$00000004)
    __rt_entry_li                            0x0800018b   Thumb Code     0  __rtentry2.o(.ARM.Collect$$rtentry$$0000000A)
    __rt_entry_postsh_1                      0x0800018b   Thumb Code     0  __rtentry2.o(.ARM.Collect$$rtentry$$00000009)
    __rt_entry_main                          0x0800018f   Thumb Code     0  __rtentry2.o(.ARM.Collect$$rtentry$$0000000D)
    __rt_entry_postli_1                      0x0800018f   Thumb Code     0  __rtentry2.o(.ARM.Collect$$rtentry$$0000000C)
    __rt_exit                                0x08000197   Thumb Code     0  rtexit.o(.ARM.Collect$$rtexit$$00000000)
    __rt_exit_ls                             0x08000199   Thumb Code     0  rtexit2.o(.ARM.Collect$$rtexit$$00000003)
    __rt_exit_prels_1                        0x08000199   Thumb Code     0  rtexit2.o(.ARM.Collect$$rtexit$$00000002)
    __rt_exit_exit                           0x0800019d   Thumb Code     0  rtexit2.o(.ARM.Collect$$rtexit$$00000004)
    Reset_Handler                            0x080001a5   Thumb Code     8  startup_stm32f10x_md.o(.text)
    ADC1_2_IRQHandler                        0x080001bf   Thumb Code     0  startup_stm32f10x_md.o(.text)
    CAN1_RX1_IRQHandler                      0x080001bf   Thumb Code     0  startup_stm32f10x_md.o(.text)
    CAN1_SCE_IRQHandler                      0x080001bf   Thumb Code     0  startup_stm32f10x_md.o(.text)
    DMA1_Channel1_IRQHandler                 0x080001bf   Thumb Code     0  startup_stm32f10x_md.o(.text)
    DMA1_Channel2_IRQHandler                 0x080001bf   Thumb Code     0  startup_stm32f10x_md.o(.text)
    DMA1_Channel3_IRQHandler                 0x080001bf   Thumb Code     0  startup_stm32f10x_md.o(.text)
    DMA1_Channel4_IRQHandler                 0x080001bf   Thumb Code     0  startup_stm32f10x_md.o(.text)
    DMA1_Channel5_IRQHandler                 0x080001bf   Thumb Code     0  startup_stm32f10x_md.o(.text)
    DMA1_Channel6_IRQHandler                 0x080001bf   Thumb Code     0  startup_stm32f10x_md.o(.text)
    DMA1_Channel7_IRQHandler                 0x080001bf   Thumb Code     0  startup_stm32f10x_md.o(.text)
    EXTI0_IRQHandler                         0x080001bf   Thumb Code     0  startup_stm32f10x_md.o(.text)
    EXTI15_10_IRQHandler                     0x080001bf   Thumb Code     0  startup_stm32f10x_md.o(.text)
    EXTI1_IRQHandler                         0x080001bf   Thumb Code     0  startup_stm32f10x_md.o(.text)
    EXTI2_IRQHandler                         0x080001bf   Thumb Code     0  startup_stm32f10x_md.o(.text)
    EXTI3_IRQHandler                         0x080001bf   Thumb Code     0  startup_stm32f10x_md.o(.text)
    EXTI4_IRQHandler                         0x080001bf   Thumb Code     0  startup_stm32f10x_md.o(.text)
    EXTI9_5_IRQHandler                       0x080001bf   Thumb Code     0  startup_stm32f10x_md.o(.text)
    FLASH_IRQHandler                         0x080001bf   Thumb Code     0  startup_stm32f10x_md.o(.text)
    I2C1_ER_IRQHandler                       0x080001bf   Thumb Code     0  startup_stm32f10x_md.o(.text)
    I2C1_EV_IRQHandler                       0x080001bf   Thumb Code     0  startup_stm32f10x_md.o(.text)
    I2C2_ER_IRQHandler                       0x080001bf   Thumb Code     0  startup_stm32f10x_md.o(.text)
    I2C2_EV_IRQHandler                       0x080001bf   Thumb Code     0  startup_stm32f10x_md.o(.text)
    PVD_IRQHandler                           0x080001bf   Thumb Code     0  startup_stm32f10x_md.o(.text)
    RCC_IRQHandler                           0x080001bf   Thumb Code     0  startup_stm32f10x_md.o(.text)
    RTCAlarm_IRQHandler                      0x080001bf   Thumb Code     0  startup_stm32f10x_md.o(.text)
    RTC_IRQHandler                           0x080001bf   Thumb Code     0  startup_stm32f10x_md.o(.text)
    SPI1_IRQHandler                          0x080001bf   Thumb Code     0  startup_stm32f10x_md.o(.text)
    SPI2_IRQHandler                          0x080001bf   Thumb Code     0  startup_stm32f10x_md.o(.text)
    TAMPER_IRQHandler                        0x080001bf   Thumb Code     0  startup_stm32f10x_md.o(.text)
    TIM1_BRK_IRQHandler                      0x080001bf   Thumb Code     0  startup_stm32f10x_md.o(.text)
    TIM1_CC_IRQHandler                       0x080001bf   Thumb Code     0  startup_stm32f10x_md.o(.text)
    TIM1_TRG_COM_IRQHandler                  0x080001bf   Thumb Code     0  startup_stm32f10x_md.o(.text)
    TIM1_UP_IRQHandler                       0x080001bf   Thumb Code     0  startup_stm32f10x_md.o(.text)
    TIM2_IRQHandler                          0x080001bf   Thumb Code     0  startup_stm32f10x_md.o(.text)
    TIM3_IRQHandler                          0x080001bf   Thumb Code     0  startup_stm32f10x_md.o(.text)
    TIM4_IRQHandler                          0x080001bf   Thumb Code     0  startup_stm32f10x_md.o(.text)
    USART1_IRQHandler                        0x080001bf   Thumb Code     0  startup_stm32f10x_md.o(.text)
    USART3_IRQHandler                        0x080001bf   Thumb Code     0  startup_stm32f10x_md.o(.text)
    USBWakeUp_IRQHandler                     0x080001bf   Thumb Code     0  startup_stm32f10x_md.o(.text)
    USB_HP_CAN1_TX_IRQHandler                0x080001bf   Thumb Code     0  startup_stm32f10x_md.o(.text)
    USB_LP_CAN1_RX0_IRQHandler               0x080001bf   Thumb Code     0  startup_stm32f10x_md.o(.text)
    WWDG_IRQHandler                          0x080001bf   Thumb Code     0  startup_stm32f10x_md.o(.text)
    __user_initial_stackheap                 0x080001c1   Thumb Code     0  startup_stm32f10x_md.o(.text)
    __use_two_region_memory                  0x080001e5   Thumb Code     2  heapauxi.o(.text)
    __rt_heap_escrow$2region                 0x080001e7   Thumb Code     2  heapauxi.o(.text)
    __rt_heap_expand$2region                 0x080001e9   Thumb Code     2  heapauxi.o(.text)
    __read_errno                             0x080001eb   Thumb Code    10  _rserrno.o(.text)
    __set_errno                              0x080001f5   Thumb Code    12  _rserrno.o(.text)
    __strtod_int                             0x0800023d   Thumb Code    90  strtod.o(.text)
    __aeabi_errno_addr                       0x080002a5   Thumb Code     8  rt_errno_addr_intlibspace.o(.text)
    __errno$intlibspace                      0x080002a5   Thumb Code     0  rt_errno_addr_intlibspace.o(.text)
    __rt_errno_addr$intlibspace              0x080002a5   Thumb Code     0  rt_errno_addr_intlibspace.o(.text)
    isspace                                  0x080002ad   Thumb Code    18  isspace.o(.text)
    _sgetc                                   0x080002bf   Thumb Code    30  _sgetc.o(.text)
    _sbackspace                              0x080002dd   Thumb Code    34  _sgetc.o(.text)
    __user_libspace                          0x08000301   Thumb Code     8  libspace.o(.text)
    __user_perproc_libspace                  0x08000301   Thumb Code     0  libspace.o(.text)
    __user_perthread_libspace                0x08000301   Thumb Code     0  libspace.o(.text)
    __user_setup_stackheap                   0x08000309   Thumb Code    74  sys_stackheap_outer.o(.text)
    __rt_ctype_table                         0x08000355   Thumb Code    16  rt_ctype_table.o(.text)
    __rt_locale                              0x08000365   Thumb Code     8  rt_locale_intlibspace.o(.text)
    _scanf_really_real                       0x080005b9   Thumb Code   684  scanf_fp.o(.text)
    _btod_etento                             0x08000865   Thumb Code   224  bigflt0.o(.text)
    exit                                     0x08000949   Thumb Code    18  exit.o(.text)
    strcmp                                   0x0800095d   Thumb Code   128  strcmpv7m.o(.text)
    _scanf_really_hex_real                   0x080009dd   Thumb Code   786  scanf_hexfp.o(.text)
    _scanf_really_infnan                     0x08000cfd   Thumb Code   292  scanf_infnan.o(.text)
    _sys_exit                                0x08000e31   Thumb Code     8  sys_exit.o(.text)
    __aeabi_llsl                             0x08000e3d   Thumb Code     0  llshl.o(.text)
    _ll_shift_l                              0x08000e3d   Thumb Code    38  llshl.o(.text)
    _chval                                   0x08000e63   Thumb Code    28  _chval.o(.text)
    __I$use$semihosting                      0x08000e7f   Thumb Code     0  use_no_semi.o(.text)
    __use_no_semihosting_swi                 0x08000e7f   Thumb Code     2  use_no_semi.o(.text)
    __btod_div_common                        0x08000e81   Thumb Code   696  btod.o(CL$$btod_div_common)
    __semihosting_library_function           0x08000e81   Thumb Code     0  indicate_semi.o(.text)
    _e2d                                     0x080011b9   Thumb Code   122  btod.o(CL$$btod_e2d)
    _e2e                                     0x0800123d   Thumb Code   220  btod.o(CL$$btod_e2e)
    _btod_ediv                               0x08001319   Thumb Code    42  btod.o(CL$$btod_ediv)
    _btod_edivd                              0x08001343   Thumb Code    42  btod.o(CL$$btod_edivd)
    _btod_emul                               0x0800136d   Thumb Code    42  btod.o(CL$$btod_emul)
    _btod_emuld                              0x08001397   Thumb Code    42  btod.o(CL$$btod_emuld)
    __btod_mult_common                       0x080013c1   Thumb Code   580  btod.o(CL$$btod_mult_common)
    BusFault_Handler                         0x08001605   Thumb Code     4  stm32f10x_it.o(i.BusFault_Handler)
    DebugMon_Handler                         0x08001609   Thumb Code     2  stm32f10x_it.o(i.DebugMon_Handler)
    Encoder_Init                             0x0800160d   Thumb Code   252  encoder.o(i.Encoder_Init)
    GPIO_Init                                0x08001711   Thumb Code   278  stm32f10x_gpio.o(i.GPIO_Init)
    GPIO_ResetBits                           0x08001827   Thumb Code     4  stm32f10x_gpio.o(i.GPIO_ResetBits)
    GPIO_SetBits                             0x0800182b   Thumb Code     4  stm32f10x_gpio.o(i.GPIO_SetBits)
    GPIO_WriteBit                            0x0800182f   Thumb Code    10  stm32f10x_gpio.o(i.GPIO_WriteBit)
    HardFault_Handler                        0x08001839   Thumb Code     4  stm32f10x_it.o(i.HardFault_Handler)
    MemManage_Handler                        0x0800183d   Thumb Code     4  stm32f10x_it.o(i.MemManage_Handler)
    MotorA_SetSpeed                          0x08001841   Thumb Code   108  motor.o(i.MotorA_SetSpeed)
    MotorB_SetSpeed                          0x080018b5   Thumb Code   108  motor.o(i.MotorB_SetSpeed)
    Motor_Init                               0x08001929   Thumb Code   184  motor.o(i.Motor_Init)
    Motor_Stop                               0x080019e9   Thumb Code    30  motor.o(i.Motor_Stop)
    NMI_Handler                              0x08001a11   Thumb Code     2  stm32f10x_it.o(i.NMI_Handler)
    NVIC_Init                                0x08001a15   Thumb Code   100  misc.o(i.NVIC_Init)
    NVIC_PriorityGroupConfig                 0x08001a85   Thumb Code    10  misc.o(i.NVIC_PriorityGroupConfig)
    OLED_Clear                               0x08001a99   Thumb Code    42  oled.o(i.OLED_Clear)
    OLED_I2C_Init                            0x08001ac5   Thumb Code    76  oled.o(i.OLED_I2C_Init)
    OLED_I2C_SendByte                        0x08001b15   Thumb Code    88  oled.o(i.OLED_I2C_SendByte)
    OLED_I2C_Start                           0x08001b71   Thumb Code    48  oled.o(i.OLED_I2C_Start)
    OLED_I2C_Stop                            0x08001ba5   Thumb Code    36  oled.o(i.OLED_I2C_Stop)
    OLED_Init                                0x08001bcd   Thumb Code   174  oled.o(i.OLED_Init)
    OLED_Pow                                 0x08001c7b   Thumb Code    20  oled.o(i.OLED_Pow)
    OLED_SetCursor                           0x08001c8f   Thumb Code    34  oled.o(i.OLED_SetCursor)
    OLED_ShowChar                            0x08001cb1   Thumb Code   110  oled.o(i.OLED_ShowChar)
    OLED_ShowSignedNum                       0x08001d25   Thumb Code   102  oled.o(i.OLED_ShowSignedNum)
    OLED_ShowString                          0x08001d8b   Thumb Code    40  oled.o(i.OLED_ShowString)
    OLED_WriteCommand                        0x08001db3   Thumb Code    32  oled.o(i.OLED_WriteCommand)
    OLED_WriteData                           0x08001dd3   Thumb Code    32  oled.o(i.OLED_WriteData)
    PID_Init                                 0x08001df5   Thumb Code    24  control.o(i.PID_Init)
    PendSV_Handler                           0x08001e11   Thumb Code     2  stm32f10x_it.o(i.PendSV_Handler)
    Position_PID_FindLine                    0x08001e15   Thumb Code   138  control.o(i.Position_PID_FindLine)
    RCC_APB1PeriphClockCmd                   0x08001ead   Thumb Code    26  stm32f10x_rcc.o(i.RCC_APB1PeriphClockCmd)
    RCC_APB2PeriphClockCmd                   0x08001ecd   Thumb Code    26  stm32f10x_rcc.o(i.RCC_APB2PeriphClockCmd)
    RCC_GetClocksFreq                        0x08001eed   Thumb Code   192  stm32f10x_rcc.o(i.RCC_GetClocksFreq)
    SVC_Handler                              0x08001fc1   Thumb Code     2  stm32f10x_it.o(i.SVC_Handler)
    Serial_Init                              0x08001fc5   Thumb Code   170  serial.o(i.Serial_Init)
    SysTick_Handler                          0x08002161   Thumb Code     2  stm32f10x_it.o(i.SysTick_Handler)
    SystemInit                               0x08002165   Thumb Code    78  system_stm32f10x.o(i.SystemInit)
    TIM_ARRPreloadConfig                     0x08002405   Thumb Code    24  stm32f10x_tim.o(i.TIM_ARRPreloadConfig)
    TIM_Cmd                                  0x0800241d   Thumb Code    24  stm32f10x_tim.o(i.TIM_Cmd)
    TIM_EncoderInterfaceConfig               0x08002435   Thumb Code    66  stm32f10x_tim.o(i.TIM_EncoderInterfaceConfig)
    TIM_ICInit                               0x08002479   Thumb Code   150  stm32f10x_tim.o(i.TIM_ICInit)
    TIM_ICStructInit                         0x08002525   Thumb Code    18  stm32f10x_tim.o(i.TIM_ICStructInit)
    TIM_OC3Init                              0x08002539   Thumb Code   150  stm32f10x_tim.o(i.TIM_OC3Init)
    TIM_OC3PreloadConfig                     0x080025d9   Thumb Code    18  stm32f10x_tim.o(i.TIM_OC3PreloadConfig)
    TIM_OC4Init                              0x080025ed   Thumb Code   114  stm32f10x_tim.o(i.TIM_OC4Init)
    TIM_OC4PreloadConfig                     0x08002669   Thumb Code    26  stm32f10x_tim.o(i.TIM_OC4PreloadConfig)
    TIM_SetCompare3                          0x08002683   Thumb Code     4  stm32f10x_tim.o(i.TIM_SetCompare3)
    TIM_SetCompare4                          0x08002687   Thumb Code     6  stm32f10x_tim.o(i.TIM_SetCompare4)
    TIM_SetIC1Prescaler                      0x0800268d   Thumb Code    18  stm32f10x_tim.o(i.TIM_SetIC1Prescaler)
    TIM_SetIC2Prescaler                      0x0800269f   Thumb Code    26  stm32f10x_tim.o(i.TIM_SetIC2Prescaler)
    TIM_SetIC3Prescaler                      0x080026b9   Thumb Code    18  stm32f10x_tim.o(i.TIM_SetIC3Prescaler)
    TIM_SetIC4Prescaler                      0x080026cb   Thumb Code    26  stm32f10x_tim.o(i.TIM_SetIC4Prescaler)
    TIM_TimeBaseInit                         0x080026e5   Thumb Code   122  stm32f10x_tim.o(i.TIM_TimeBaseInit)
    TIM_TimeBaseStructInit                   0x08002789   Thumb Code    18  stm32f10x_tim.o(i.TIM_TimeBaseStructInit)
    USART2_IRQHandler                        0x0800279d   Thumb Code    94  serial.o(i.USART2_IRQHandler)
    USART_ClearITPendingBit                  0x0800280d   Thumb Code    30  stm32f10x_usart.o(i.USART_ClearITPendingBit)
    USART_Cmd                                0x0800282b   Thumb Code    24  stm32f10x_usart.o(i.USART_Cmd)
    USART_GetITStatus                        0x08002843   Thumb Code    84  stm32f10x_usart.o(i.USART_GetITStatus)
    USART_ITConfig                           0x08002897   Thumb Code    74  stm32f10x_usart.o(i.USART_ITConfig)
    USART_Init                               0x080028e1   Thumb Code   210  stm32f10x_usart.o(i.USART_Init)
    USART_ReceiveData                        0x080029b9   Thumb Code    10  stm32f10x_usart.o(i.USART_ReceiveData)
    UsageFault_Handler                       0x080029c3   Thumb Code     4  stm32f10x_it.o(i.UsageFault_Handler)
    __mathlib_dbl_overflow                   0x080029c7   Thumb Code    14  dunder.o(i.__mathlib_dbl_overflow)
    __mathlib_dbl_underflow                  0x080029d5   Thumb Code    10  dunder.o(i.__mathlib_dbl_underflow)
    __mathlib_narrow                         0x080029e5   Thumb Code    16  narrow.o(i.__mathlib_narrow)
    __mathlib_tofloat                        0x080029f5   Thumb Code   184  narrow.o(i.__mathlib_tofloat)
    __support_ldexp                          0x08002ab1   Thumb Code    22  ldexp.o(i.__support_ldexp)
    _is_digit                                0x08002ac7   Thumb Code    14  __printf_wp.o(i._is_digit)
    atof                                     0x08002ad5   Thumb Code    42  atof.o(i.atof)
    frexp                                    0x08002b01   Thumb Code    80  frexp.o(i.frexp)
    ldexp                                    0x08002b59   Thumb Code   116  ldexp.o(i.ldexp)
    main                                     0x08002bcd   Thumb Code   334  main.o(i.main)
    _get_lc_numeric                          0x08002d6d   Thumb Code    44  lc_numeric_c.o(locale$$code)
    _get_lc_ctype                            0x08002d99   Thumb Code    44  lc_ctype_c.o(locale$$code)
    __aeabi_d2f                              0x08002dc5   Thumb Code     0  d2f.o(x$fpl$d2f)
    _d2f                                     0x08002dc5   Thumb Code    98  d2f.o(x$fpl$d2f)
    __fpl_dcheck_NaN1                        0x08002e29   Thumb Code    10  dcheck1.o(x$fpl$dcheck1)
    __fpl_dcmp_Inf                           0x08002e39   Thumb Code    24  dcmpi.o(x$fpl$dcmpinf)
    __aeabi_cdcmpeq                          0x08002e51   Thumb Code     0  deqf.o(x$fpl$deqf)
    _dcmpeq                                  0x08002e51   Thumb Code   120  deqf.o(x$fpl$deqf)
    __aeabi_cdcmple                          0x08002ec9   Thumb Code     0  dleqf.o(x$fpl$dleqf)
    _dcmple                                  0x08002ec9   Thumb Code   120  dleqf.o(x$fpl$dleqf)
    __fpl_dcmple_InfNaN                      0x08002f2b   Thumb Code     0  dleqf.o(x$fpl$dleqf)
    __fpl_dnaninf                            0x08002f41   Thumb Code   156  dnaninf.o(x$fpl$dnaninf)
    __aeabi_cdrcmple                         0x08002fdd   Thumb Code     0  drleqf.o(x$fpl$drleqf)
    _drcmple                                 0x08002fdd   Thumb Code   108  drleqf.o(x$fpl$drleqf)
    __aeabi_fadd                             0x08003049   Thumb Code     0  faddsub_clz.o(x$fpl$fadd)
    _fadd                                    0x08003049   Thumb Code   196  faddsub_clz.o(x$fpl$fadd)
    __fpl_fcmp_Inf                           0x0800310d   Thumb Code    24  fcmpi.o(x$fpl$fcmpinf)
    __aeabi_f2iz                             0x08003125   Thumb Code     0  ffix.o(x$fpl$ffix)
    _ffix                                    0x08003125   Thumb Code    54  ffix.o(x$fpl$ffix)
    __aeabi_i2f                              0x0800315d   Thumb Code     0  fflt_clz.o(x$fpl$fflt)
    _fflt                                    0x0800315d   Thumb Code    48  fflt_clz.o(x$fpl$fflt)
    __aeabi_cfcmple                          0x0800318d   Thumb Code     0  fleqf.o(x$fpl$fleqf)
    _fcmple                                  0x0800318d   Thumb Code   104  fleqf.o(x$fpl$fleqf)
    __fpl_fcmple_InfNaN                      0x080031df   Thumb Code     0  fleqf.o(x$fpl$fleqf)
    __aeabi_fmul                             0x080031f5   Thumb Code     0  fmul.o(x$fpl$fmul)
    _fmul                                    0x080031f5   Thumb Code   258  fmul.o(x$fpl$fmul)
    __fpl_fnaninf                            0x080032f7   Thumb Code   140  fnaninf.o(x$fpl$fnaninf)
    __fpl_fretinf                            0x08003383   Thumb Code    10  fretinf.o(x$fpl$fretinf)
    __aeabi_cfrcmple                         0x0800338d   Thumb Code     0  frleqf.o(x$fpl$frleqf)
    _frcmple                                 0x0800338d   Thumb Code    98  frleqf.o(x$fpl$frleqf)
    __aeabi_fsub                             0x080033f1   Thumb Code     0  faddsub_clz.o(x$fpl$fsub)
    _fsub                                    0x080033f1   Thumb Code   234  faddsub_clz.o(x$fpl$fsub)
    __ieee_status                            0x080034db   Thumb Code     6  istatus.o(x$fpl$ieeestatus)
    __fpl_return_NaN                         0x080034e1   Thumb Code   100  retnan.o(x$fpl$retnan)
    __ARM_scalbn                             0x08003545   Thumb Code    92  scalbn.o(x$fpl$scalbn)
    _scanf_real                              0x080035a1   Thumb Code     4  scanf1.o(x$fpl$scanf1)
    _scanf_hex_real                          0x080035a5   Thumb Code     4  scanf2.o(x$fpl$scanf2)
    _scanf_infnan                            0x080035a9   Thumb Code     4  scanf2.o(x$fpl$scanf2)
    __fpl_cmpreturn                          0x080035ad   Thumb Code    48  trapv.o(x$fpl$trapveneer)
    OLED_F8x16                               0x080035dc   Data        1520  oled.o(.constdata)
    __I$use$fp                               0x080035dc   Number         0  usenofp.o(x$fpl$usenofp)
    Region$$Table$$Base                      0x08003c60   Number         0  anon$$obj.o(Region$$Table)
    Region$$Table$$Limit                     0x08003c80   Number         0  anon$$obj.o(Region$$Table)
    __aeabi_HUGE_VAL                         0x08003c80   Data           0  fpconst.o(c$$dinf)
    __aeabi_HUGE_VALL                        0x08003c80   Data           0  fpconst.o(c$$dinf)
    __aeabi_INFINITY                         0x08003c80   Data           0  fpconst.o(c$$dinf)
    __dInf                                   0x08003c80   Data           0  fpconst.o(c$$dinf)
    __huge_val                               0x08003c80   Data           0  fpconst.o(c$$dinf)
    __dbl_max                                0x08003c88   Data           0  fpconst.o(c$$dmax)
    __ctype                                  0x08003cb9   Data           0  lc_ctype_c.o(locale$$data)
    Serial_RxFlag                            0x20000014   Data           1  serial.o(.data)
    rho_err                                  0x20000018   Data           4  main.o(.data)
    Base_Speed                               0x2000001c   Data           4  main.o(.data)
    Serial_RxPacket                          0x20000020   Data         100  serial.o(.bss)
    FindLinePID                              0x20000084   Data          28  control.o(.bss)
    __libspace_start                         0x200000a0   Data          96  libspace.o(.bss)
    __temporary_stack_top$libspace           0x20000100   Data           0  libspace.o(.bss)



==============================================================================

Memory Map of the image

  Image Entry point : 0x080000ed

  Load Region LR_IROM1 (Base: 0x08000000, Size: 0x00003ddc, Max: 0x00010000, ABSOLUTE)

    Execution Region ER_IROM1 (Exec base: 0x08000000, Load base: 0x08000000, Size: 0x00003dbc, Max: 0x00010000, ABSOLUTE)

    Exec Addr    Load Addr    Size         Type   Attr      Idx    E Section Name        Object

    0x08000000   0x08000000   0x000000ec   Data   RO            3    RESET               startup_stm32f10x_md.o
    0x080000ec   0x080000ec   0x00000008   Code   RO         3767  * !!!main             c_w.l(__main.o)
    0x080000f4   0x080000f4   0x00000034   Code   RO         4226    !!!scatter          c_w.l(__scatter.o)
    0x08000128   0x08000128   0x0000001a   Code   RO         4228    !!handler_copy      c_w.l(__scatter_copy.o)
    0x08000142   0x08000142   0x00000002   PAD
    0x08000144   0x08000144   0x0000001c   Code   RO         4230    !!handler_zi        c_w.l(__scatter_zi.o)
    0x08000160   0x08000160   0x00000002   Code   RO         4007    .ARM.Collect$$libinit$$00000000  c_w.l(libinit.o)
    0x08000162   0x08000162   0x00000000   Code   RO         4009    .ARM.Collect$$libinit$$00000002  c_w.l(libinit2.o)
    0x08000162   0x08000162   0x00000000   Code   RO         4011    .ARM.Collect$$libinit$$00000004  c_w.l(libinit2.o)
    0x08000162   0x08000162   0x00000000   Code   RO         4014    .ARM.Collect$$libinit$$0000000A  c_w.l(libinit2.o)
    0x08000162   0x08000162   0x00000000   Code   RO         4016    .ARM.Collect$$libinit$$0000000C  c_w.l(libinit2.o)
    0x08000162   0x08000162   0x00000000   Code   RO         4018    .ARM.Collect$$libinit$$0000000E  c_w.l(libinit2.o)
    0x08000162   0x08000162   0x00000006   Code   RO         4019    .ARM.Collect$$libinit$$0000000F  c_w.l(libinit2.o)
    0x08000168   0x08000168   0x00000000   Code   RO         4021    .ARM.Collect$$libinit$$00000011  c_w.l(libinit2.o)
    0x08000168   0x08000168   0x0000000c   Code   RO         4022    .ARM.Collect$$libinit$$00000012  c_w.l(libinit2.o)
    0x08000174   0x08000174   0x00000000   Code   RO         4023    .ARM.Collect$$libinit$$00000013  c_w.l(libinit2.o)
    0x08000174   0x08000174   0x00000000   Code   RO         4025    .ARM.Collect$$libinit$$00000015  c_w.l(libinit2.o)
    0x08000174   0x08000174   0x0000000a   Code   RO         4026    .ARM.Collect$$libinit$$00000016  c_w.l(libinit2.o)
    0x0800017e   0x0800017e   0x00000000   Code   RO         4027    .ARM.Collect$$libinit$$00000017  c_w.l(libinit2.o)
    0x0800017e   0x0800017e   0x00000000   Code   RO         4029    .ARM.Collect$$libinit$$00000019  c_w.l(libinit2.o)
    0x0800017e   0x0800017e   0x00000000   Code   RO         4031    .ARM.Collect$$libinit$$0000001B  c_w.l(libinit2.o)
    0x0800017e   0x0800017e   0x00000000   Code   RO         4033    .ARM.Collect$$libinit$$0000001D  c_w.l(libinit2.o)
    0x0800017e   0x0800017e   0x00000000   Code   RO         4035    .ARM.Collect$$libinit$$0000001F  c_w.l(libinit2.o)
    0x0800017e   0x0800017e   0x00000000   Code   RO         4037    .ARM.Collect$$libinit$$00000021  c_w.l(libinit2.o)
    0x0800017e   0x0800017e   0x00000000   Code   RO         4039    .ARM.Collect$$libinit$$00000023  c_w.l(libinit2.o)
    0x0800017e   0x0800017e   0x00000000   Code   RO         4041    .ARM.Collect$$libinit$$00000025  c_w.l(libinit2.o)
    0x0800017e   0x0800017e   0x00000000   Code   RO         4045    .ARM.Collect$$libinit$$0000002C  c_w.l(libinit2.o)
    0x0800017e   0x0800017e   0x00000000   Code   RO         4047    .ARM.Collect$$libinit$$0000002E  c_w.l(libinit2.o)
    0x0800017e   0x0800017e   0x00000000   Code   RO         4049    .ARM.Collect$$libinit$$00000030  c_w.l(libinit2.o)
    0x0800017e   0x0800017e   0x00000000   Code   RO         4051    .ARM.Collect$$libinit$$00000032  c_w.l(libinit2.o)
    0x0800017e   0x0800017e   0x00000002   Code   RO         4052    .ARM.Collect$$libinit$$00000033  c_w.l(libinit2.o)
    0x08000180   0x08000180   0x00000002   Code   RO         4121    .ARM.Collect$$libshutdown$$00000000  c_w.l(libshutdown.o)
    0x08000182   0x08000182   0x00000000   Code   RO         4150    .ARM.Collect$$libshutdown$$00000002  c_w.l(libshutdown2.o)
    0x08000182   0x08000182   0x00000000   Code   RO         4152    .ARM.Collect$$libshutdown$$00000004  c_w.l(libshutdown2.o)
    0x08000182   0x08000182   0x00000000   Code   RO         4155    .ARM.Collect$$libshutdown$$00000007  c_w.l(libshutdown2.o)
    0x08000182   0x08000182   0x00000000   Code   RO         4158    .ARM.Collect$$libshutdown$$0000000A  c_w.l(libshutdown2.o)
    0x08000182   0x08000182   0x00000000   Code   RO         4160    .ARM.Collect$$libshutdown$$0000000C  c_w.l(libshutdown2.o)
    0x08000182   0x08000182   0x00000000   Code   RO         4163    .ARM.Collect$$libshutdown$$0000000F  c_w.l(libshutdown2.o)
    0x08000182   0x08000182   0x00000002   Code   RO         4164    .ARM.Collect$$libshutdown$$00000010  c_w.l(libshutdown2.o)
    0x08000184   0x08000184   0x00000000   Code   RO         3797    .ARM.Collect$$rtentry$$00000000  c_w.l(__rtentry.o)
    0x08000184   0x08000184   0x00000000   Code   RO         3911    .ARM.Collect$$rtentry$$00000002  c_w.l(__rtentry2.o)
    0x08000184   0x08000184   0x00000006   Code   RO         3923    .ARM.Collect$$rtentry$$00000004  c_w.l(__rtentry4.o)
    0x0800018a   0x0800018a   0x00000000   Code   RO         3913    .ARM.Collect$$rtentry$$00000009  c_w.l(__rtentry2.o)
    0x0800018a   0x0800018a   0x00000004   Code   RO         3914    .ARM.Collect$$rtentry$$0000000A  c_w.l(__rtentry2.o)
    0x0800018e   0x0800018e   0x00000000   Code   RO         3916    .ARM.Collect$$rtentry$$0000000C  c_w.l(__rtentry2.o)
    0x0800018e   0x0800018e   0x00000008   Code   RO         3917    .ARM.Collect$$rtentry$$0000000D  c_w.l(__rtentry2.o)
    0x08000196   0x08000196   0x00000002   Code   RO         4057    .ARM.Collect$$rtexit$$00000000  c_w.l(rtexit.o)
    0x08000198   0x08000198   0x00000000   Code   RO         4083    .ARM.Collect$$rtexit$$00000002  c_w.l(rtexit2.o)
    0x08000198   0x08000198   0x00000004   Code   RO         4084    .ARM.Collect$$rtexit$$00000003  c_w.l(rtexit2.o)
    0x0800019c   0x0800019c   0x00000006   Code   RO         4085    .ARM.Collect$$rtexit$$00000004  c_w.l(rtexit2.o)
    0x080001a2   0x080001a2   0x00000002   PAD
    0x080001a4   0x080001a4   0x00000040   Code   RO            4    .text               startup_stm32f10x_md.o
    0x080001e4   0x080001e4   0x00000006   Code   RO         3765    .text               c_w.l(heapauxi.o)
    0x080001ea   0x080001ea   0x00000016   Code   RO         3798    .text               c_w.l(_rserrno.o)
    0x08000200   0x08000200   0x000000a4   Code   RO         3891    .text               c_w.l(strtod.o)
    0x080002a4   0x080002a4   0x00000008   Code   RO         3928    .text               c_w.l(rt_errno_addr_intlibspace.o)
    0x080002ac   0x080002ac   0x00000012   Code   RO         3932    .text               c_w.l(isspace.o)
    0x080002be   0x080002be   0x00000040   Code   RO         3948    .text               c_w.l(_sgetc.o)
    0x080002fe   0x080002fe   0x00000002   PAD
    0x08000300   0x08000300   0x00000008   Code   RO         3957    .text               c_w.l(libspace.o)
    0x08000308   0x08000308   0x0000004a   Code   RO         3960    .text               c_w.l(sys_stackheap_outer.o)
    0x08000352   0x08000352   0x00000002   PAD
    0x08000354   0x08000354   0x00000010   Code   RO         3962    .text               c_w.l(rt_ctype_table.o)
    0x08000364   0x08000364   0x00000008   Code   RO         3967    .text               c_w.l(rt_locale_intlibspace.o)
    0x0800036c   0x0800036c   0x000004f8   Code   RO         3971    .text               c_w.l(scanf_fp.o)
    0x08000864   0x08000864   0x000000e4   Code   RO         3973    .text               c_w.l(bigflt0.o)
    0x08000948   0x08000948   0x00000012   Code   RO         3998    .text               c_w.l(exit.o)
    0x0800095a   0x0800095a   0x00000002   PAD
    0x0800095c   0x0800095c   0x00000080   Code   RO         4000    .text               c_w.l(strcmpv7m.o)
    0x080009dc   0x080009dc   0x00000320   Code   RO         4089    .text               c_w.l(scanf_hexfp.o)
    0x08000cfc   0x08000cfc   0x00000134   Code   RO         4091    .text               c_w.l(scanf_infnan.o)
    0x08000e30   0x08000e30   0x0000000c   Code   RO         4107    .text               c_w.l(sys_exit.o)
    0x08000e3c   0x08000e3c   0x00000026   Code   RO         4111    .text               c_w.l(llshl.o)
    0x08000e62   0x08000e62   0x0000001c   Code   RO         4113    .text               c_w.l(_chval.o)
    0x08000e7e   0x08000e7e   0x00000002   Code   RO         4140    .text               c_w.l(use_no_semi.o)
    0x08000e80   0x08000e80   0x00000000   Code   RO         4142    .text               c_w.l(indicate_semi.o)
    0x08000e80   0x08000e80   0x00000338   Code   RO         3986    CL$$btod_div_common  c_w.l(btod.o)
    0x080011b8   0x080011b8   0x00000084   Code   RO         3984    CL$$btod_e2d        c_w.l(btod.o)
    0x0800123c   0x0800123c   0x000000dc   Code   RO         3983    CL$$btod_e2e        c_w.l(btod.o)
    0x08001318   0x08001318   0x0000002a   Code   RO         3980    CL$$btod_ediv       c_w.l(btod.o)
    0x08001342   0x08001342   0x0000002a   Code   RO         3982    CL$$btod_edivd      c_w.l(btod.o)
    0x0800136c   0x0800136c   0x0000002a   Code   RO         3979    CL$$btod_emul       c_w.l(btod.o)
    0x08001396   0x08001396   0x0000002a   Code   RO         3981    CL$$btod_emuld      c_w.l(btod.o)
    0x080013c0   0x080013c0   0x00000244   Code   RO         3985    CL$$btod_mult_common  c_w.l(btod.o)
    0x08001604   0x08001604   0x00000004   Code   RO         3698    i.BusFault_Handler  stm32f10x_it.o
    0x08001608   0x08001608   0x00000002   Code   RO         3699    i.DebugMon_Handler  stm32f10x_it.o
    0x0800160a   0x0800160a   0x00000002   PAD
    0x0800160c   0x0800160c   0x00000104   Code   RO         3481    i.Encoder_Init      encoder.o
    0x08001710   0x08001710   0x00000116   Code   RO         1347    i.GPIO_Init         stm32f10x_gpio.o
    0x08001826   0x08001826   0x00000004   Code   RO         1354    i.GPIO_ResetBits    stm32f10x_gpio.o
    0x0800182a   0x0800182a   0x00000004   Code   RO         1355    i.GPIO_SetBits      stm32f10x_gpio.o
    0x0800182e   0x0800182e   0x0000000a   Code   RO         1358    i.GPIO_WriteBit     stm32f10x_gpio.o
    0x08001838   0x08001838   0x00000004   Code   RO         3700    i.HardFault_Handler  stm32f10x_it.o
    0x0800183c   0x0800183c   0x00000004   Code   RO         3701    i.MemManage_Handler  stm32f10x_it.o
    0x08001840   0x08001840   0x00000074   Code   RO         3513    i.MotorA_SetSpeed   motor.o
    0x080018b4   0x080018b4   0x00000074   Code   RO         3514    i.MotorB_SetSpeed   motor.o
    0x08001928   0x08001928   0x000000c0   Code   RO         3515    i.Motor_Init        motor.o
    0x080019e8   0x080019e8   0x00000028   Code   RO         3516    i.Motor_Stop        motor.o
    0x08001a10   0x08001a10   0x00000002   Code   RO         3702    i.NMI_Handler       stm32f10x_it.o
    0x08001a12   0x08001a12   0x00000002   PAD
    0x08001a14   0x08001a14   0x00000070   Code   RO          137    i.NVIC_Init         misc.o
    0x08001a84   0x08001a84   0x00000014   Code   RO          138    i.NVIC_PriorityGroupConfig  misc.o
    0x08001a98   0x08001a98   0x0000002a   Code   RO         3289    i.OLED_Clear        oled.o
    0x08001ac2   0x08001ac2   0x00000002   PAD
    0x08001ac4   0x08001ac4   0x00000050   Code   RO         3290    i.OLED_I2C_Init     oled.o
    0x08001b14   0x08001b14   0x0000005c   Code   RO         3291    i.OLED_I2C_SendByte  oled.o
    0x08001b70   0x08001b70   0x00000034   Code   RO         3292    i.OLED_I2C_Start    oled.o
    0x08001ba4   0x08001ba4   0x00000028   Code   RO         3293    i.OLED_I2C_Stop     oled.o
    0x08001bcc   0x08001bcc   0x000000ae   Code   RO         3294    i.OLED_Init         oled.o
    0x08001c7a   0x08001c7a   0x00000014   Code   RO         3295    i.OLED_Pow          oled.o
    0x08001c8e   0x08001c8e   0x00000022   Code   RO         3296    i.OLED_SetCursor    oled.o
    0x08001cb0   0x08001cb0   0x00000074   Code   RO         3298    i.OLED_ShowChar     oled.o
    0x08001d24   0x08001d24   0x00000066   Code   RO         3301    i.OLED_ShowSignedNum  oled.o
    0x08001d8a   0x08001d8a   0x00000028   Code   RO         3302    i.OLED_ShowString   oled.o
    0x08001db2   0x08001db2   0x00000020   Code   RO         3303    i.OLED_WriteCommand  oled.o
    0x08001dd2   0x08001dd2   0x00000020   Code   RO         3304    i.OLED_WriteData    oled.o
    0x08001df2   0x08001df2   0x00000002   PAD
    0x08001df4   0x08001df4   0x0000001c   Code   RO         3629    i.PID_Init          control.o
    0x08001e10   0x08001e10   0x00000002   Code   RO         3703    i.PendSV_Handler    stm32f10x_it.o
    0x08001e12   0x08001e12   0x00000002   PAD
    0x08001e14   0x08001e14   0x00000098   Code   RO         3630    i.Position_PID_FindLine  control.o
    0x08001eac   0x08001eac   0x00000020   Code   RO         1775    i.RCC_APB1PeriphClockCmd  stm32f10x_rcc.o
    0x08001ecc   0x08001ecc   0x00000020   Code   RO         1777    i.RCC_APB2PeriphClockCmd  stm32f10x_rcc.o
    0x08001eec   0x08001eec   0x000000d4   Code   RO         1785    i.RCC_GetClocksFreq  stm32f10x_rcc.o
    0x08001fc0   0x08001fc0   0x00000002   Code   RO         3704    i.SVC_Handler       stm32f10x_it.o
    0x08001fc2   0x08001fc2   0x00000002   PAD
    0x08001fc4   0x08001fc4   0x000000b4   Code   RO         3558    i.Serial_Init       serial.o
    0x08002078   0x08002078   0x00000008   Code   RO           24    i.SetSysClock       system_stm32f10x.o
    0x08002080   0x08002080   0x000000e0   Code   RO           25    i.SetSysClockTo72   system_stm32f10x.o
    0x08002160   0x08002160   0x00000002   Code   RO         3705    i.SysTick_Handler   stm32f10x_it.o
    0x08002162   0x08002162   0x00000002   PAD
    0x08002164   0x08002164   0x00000060   Code   RO           27    i.SystemInit        system_stm32f10x.o
    0x080021c4   0x080021c4   0x00000080   Code   RO         2405    i.TI1_Config        stm32f10x_tim.o
    0x08002244   0x08002244   0x00000098   Code   RO         2406    i.TI2_Config        stm32f10x_tim.o
    0x080022dc   0x080022dc   0x00000090   Code   RO         2407    i.TI3_Config        stm32f10x_tim.o
    0x0800236c   0x0800236c   0x00000098   Code   RO         2408    i.TI4_Config        stm32f10x_tim.o
    0x08002404   0x08002404   0x00000018   Code   RO         2409    i.TIM_ARRPreloadConfig  stm32f10x_tim.o
    0x0800241c   0x0800241c   0x00000018   Code   RO         2421    i.TIM_Cmd           stm32f10x_tim.o
    0x08002434   0x08002434   0x00000042   Code   RO         2430    i.TIM_EncoderInterfaceConfig  stm32f10x_tim.o
    0x08002476   0x08002476   0x00000002   PAD
    0x08002478   0x08002478   0x000000ac   Code   RO         2444    i.TIM_ICInit        stm32f10x_tim.o
    0x08002524   0x08002524   0x00000012   Code   RO         2445    i.TIM_ICStructInit  stm32f10x_tim.o
    0x08002536   0x08002536   0x00000002   PAD
    0x08002538   0x08002538   0x000000a0   Code   RO         2460    i.TIM_OC3Init       stm32f10x_tim.o
    0x080025d8   0x080025d8   0x00000012   Code   RO         2463    i.TIM_OC3PreloadConfig  stm32f10x_tim.o
    0x080025ea   0x080025ea   0x00000002   PAD
    0x080025ec   0x080025ec   0x0000007c   Code   RO         2465    i.TIM_OC4Init       stm32f10x_tim.o
    0x08002668   0x08002668   0x0000001a   Code   RO         2467    i.TIM_OC4PreloadConfig  stm32f10x_tim.o
    0x08002682   0x08002682   0x00000004   Code   RO         2484    i.TIM_SetCompare3   stm32f10x_tim.o
    0x08002686   0x08002686   0x00000006   Code   RO         2485    i.TIM_SetCompare4   stm32f10x_tim.o
    0x0800268c   0x0800268c   0x00000012   Code   RO         2487    i.TIM_SetIC1Prescaler  stm32f10x_tim.o
    0x0800269e   0x0800269e   0x0000001a   Code   RO         2488    i.TIM_SetIC2Prescaler  stm32f10x_tim.o
    0x080026b8   0x080026b8   0x00000012   Code   RO         2489    i.TIM_SetIC3Prescaler  stm32f10x_tim.o
    0x080026ca   0x080026ca   0x0000001a   Code   RO         2490    i.TIM_SetIC4Prescaler  stm32f10x_tim.o
    0x080026e4   0x080026e4   0x000000a4   Code   RO         2492    i.TIM_TimeBaseInit  stm32f10x_tim.o
    0x08002788   0x08002788   0x00000012   Code   RO         2493    i.TIM_TimeBaseStructInit  stm32f10x_tim.o
    0x0800279a   0x0800279a   0x00000002   PAD
    0x0800279c   0x0800279c   0x00000070   Code   RO         3565    i.USART2_IRQHandler  serial.o
    0x0800280c   0x0800280c   0x0000001e   Code   RO         2957    i.USART_ClearITPendingBit  stm32f10x_usart.o
    0x0800282a   0x0800282a   0x00000018   Code   RO         2960    i.USART_Cmd         stm32f10x_usart.o
    0x08002842   0x08002842   0x00000054   Code   RO         2964    i.USART_GetITStatus  stm32f10x_usart.o
    0x08002896   0x08002896   0x0000004a   Code   RO         2966    i.USART_ITConfig    stm32f10x_usart.o
    0x080028e0   0x080028e0   0x000000d8   Code   RO         2967    i.USART_Init        stm32f10x_usart.o
    0x080029b8   0x080029b8   0x0000000a   Code   RO         2974    i.USART_ReceiveData  stm32f10x_usart.o
    0x080029c2   0x080029c2   0x00000004   Code   RO         3706    i.UsageFault_Handler  stm32f10x_it.o
    0x080029c6   0x080029c6   0x0000000e   Code   RO         4171    i.__mathlib_dbl_overflow  m_ws.l(dunder.o)
    0x080029d4   0x080029d4   0x00000010   Code   RO         4173    i.__mathlib_dbl_underflow  m_ws.l(dunder.o)
    0x080029e4   0x080029e4   0x00000010   Code   RO         4076    i.__mathlib_narrow  m_ws.l(narrow.o)
    0x080029f4   0x080029f4   0x000000bc   Code   RO         4077    i.__mathlib_tofloat  m_ws.l(narrow.o)
    0x08002ab0   0x08002ab0   0x00000016   Code   RO         4129    i.__support_ldexp   m_ws.l(ldexp.o)
    0x08002ac6   0x08002ac6   0x0000000e   Code   RO         3858    i._is_digit         c_w.l(__printf_wp.o)
    0x08002ad4   0x08002ad4   0x0000002a   Code   RO         3794    i.atof              m_ws.l(atof.o)
    0x08002afe   0x08002afe   0x00000002   PAD
    0x08002b00   0x08002b00   0x00000058   Code   RO         4102    i.frexp             m_ws.l(frexp.o)
    0x08002b58   0x08002b58   0x00000074   Code   RO         4130    i.ldexp             m_ws.l(ldexp.o)
    0x08002bcc   0x08002bcc   0x000001a0   Code   RO         3653    i.main              main.o
    0x08002d6c   0x08002d6c   0x0000002c   Code   RO         3953    locale$$code        c_w.l(lc_numeric_c.o)
    0x08002d98   0x08002d98   0x0000002c   Code   RO         4060    locale$$code        c_w.l(lc_ctype_c.o)
    0x08002dc4   0x08002dc4   0x00000062   Code   RO         3769    x$fpl$d2f           fz_ws.l(d2f.o)
    0x08002e26   0x08002e26   0x00000002   PAD
    0x08002e28   0x08002e28   0x00000010   Code   RO         4165    x$fpl$dcheck1       fz_ws.l(dcheck1.o)
    0x08002e38   0x08002e38   0x00000018   Code   RO         4122    x$fpl$dcmpinf       fz_ws.l(dcmpi.o)
    0x08002e50   0x08002e50   0x00000078   Code   RO         4097    x$fpl$deqf          fz_ws.l(deqf.o)
    0x08002ec8   0x08002ec8   0x00000078   Code   RO         4124    x$fpl$dleqf         fz_ws.l(dleqf.o)
    0x08002f40   0x08002f40   0x0000009c   Code   RO         3893    x$fpl$dnaninf       fz_ws.l(dnaninf.o)
    0x08002fdc   0x08002fdc   0x0000006c   Code   RO         4099    x$fpl$drleqf        fz_ws.l(drleqf.o)
    0x08003048   0x08003048   0x000000c4   Code   RO         3771    x$fpl$fadd          fz_ws.l(faddsub_clz.o)
    0x0800310c   0x0800310c   0x00000018   Code   RO         3895    x$fpl$fcmpinf       fz_ws.l(fcmpi.o)
    0x08003124   0x08003124   0x00000036   Code   RO         3777    x$fpl$ffix          fz_ws.l(ffix.o)
    0x0800315a   0x0800315a   0x00000002   PAD
    0x0800315c   0x0800315c   0x00000030   Code   RO         3782    x$fpl$fflt          fz_ws.l(fflt_clz.o)
    0x0800318c   0x0800318c   0x00000068   Code   RO         3787    x$fpl$fleqf         fz_ws.l(fleqf.o)
    0x080031f4   0x080031f4   0x00000102   Code   RO         3789    x$fpl$fmul          fz_ws.l(fmul.o)
    0x080032f6   0x080032f6   0x0000008c   Code   RO         3897    x$fpl$fnaninf       fz_ws.l(fnaninf.o)
    0x08003382   0x08003382   0x0000000a   Code   RO         3899    x$fpl$fretinf       fz_ws.l(fretinf.o)
    0x0800338c   0x0800338c   0x00000062   Code   RO         3791    x$fpl$frleqf        fz_ws.l(frleqf.o)
    0x080033ee   0x080033ee   0x00000002   PAD
    0x080033f0   0x080033f0   0x000000ea   Code   RO         3773    x$fpl$fsub          fz_ws.l(faddsub_clz.o)
    0x080034da   0x080034da   0x00000006   Code   RO         4053    x$fpl$ieeestatus    fz_ws.l(istatus.o)
    0x080034e0   0x080034e0   0x00000064   Code   RO         4198    x$fpl$retnan        fz_ws.l(retnan.o)
    0x08003544   0x08003544   0x0000005c   Code   RO         4126    x$fpl$scalbn        fz_ws.l(scalbn.o)
    0x080035a0   0x080035a0   0x00000004   Code   RO         3955    x$fpl$scanf1        fz_ws.l(scanf1.o)
    0x080035a4   0x080035a4   0x00000008   Code   RO         4070    x$fpl$scanf2        fz_ws.l(scanf2.o)
    0x080035ac   0x080035ac   0x00000030   Code   RO         4206    x$fpl$trapveneer    fz_ws.l(trapv.o)
    0x080035dc   0x080035dc   0x00000000   Code   RO         3909    x$fpl$usenofp       fz_ws.l(usenofp.o)
    0x080035dc   0x080035dc   0x000005f0   Data   RO         3305    .constdata          oled.o
    0x08003bcc   0x08003bcc   0x00000094   Data   RO         3974    .constdata          c_w.l(bigflt0.o)
    0x08003c60   0x08003c60   0x00000020   Data   RO         4224    Region$$Table       anon$$obj.o
    0x08003c80   0x08003c80   0x00000008   Data   RO         4064    c$$dinf             fz_ws.l(fpconst.o)
    0x08003c88   0x08003c88   0x00000008   Data   RO         4067    c$$dmax             fz_ws.l(fpconst.o)
    0x08003c90   0x08003c90   0x0000001c   Data   RO         3952    locale$$data        c_w.l(lc_numeric_c.o)
    0x08003cac   0x08003cac   0x00000110   Data   RO         4059    locale$$data        c_w.l(lc_ctype_c.o)


    Execution Region RW_IRAM1 (Exec base: 0x20000000, Load base: 0x08003dbc, Size: 0x00000700, Max: 0x00005000, ABSOLUTE)

    Exec Addr    Load Addr    Size         Type   Attr      Idx    E Section Name        Object

    0x20000000   0x08003dbc   0x00000014   Data   RW         1805    .data               stm32f10x_rcc.o
    0x20000014   0x08003dd0   0x00000002   Data   RW         3568    .data               serial.o
    0x20000016   0x08003dd2   0x00000002   PAD
    0x20000018   0x08003dd4   0x00000008   Data   RW         3654    .data               main.o
    0x20000020        -       0x00000064   Zero   RW         3567    .bss                serial.o
    0x20000084        -       0x0000001c   Zero   RW         3631    .bss                control.o
    0x200000a0        -       0x00000060   Zero   RW         3958    .bss                c_w.l(libspace.o)
    0x20000100        -       0x00000200   Zero   RW            2    HEAP                startup_stm32f10x_md.o
    0x20000300        -       0x00000400   Zero   RW            1    STACK               startup_stm32f10x_md.o


==============================================================================

Image component sizes


      Code (inc. data)   RO Data    RW Data    ZI Data      Debug   Object Name

       180         18          0          0         28       1633   control.o
         0          0          0          0          0       4492   core_cm3.o
       260          8          0          0          0        659   encoder.o
       416         82          0          8          0        904   main.o
       132         22          0          0          0     204607   misc.o
       464         34          0          0          0       2118   motor.o
       856         22       1520          0          0     245055   oled.o
       292         28          0          2        100       1742   serial.o
        64         26        236          0       1536        792   startup_stm32f10x_md.o
       296          0          0          0          0      11576   stm32f10x_gpio.o
        26          0          0          0          0       3486   stm32f10x_it.o
       276         32          0         20          0      12806   stm32f10x_rcc.o
      1488        170          0          0          0      32684   stm32f10x_tim.o
       438          6          0          0          0      11148   stm32f10x_usart.o
       328         28          0          0          0      39001   system_stm32f10x.o

    ----------------------------------------------------------------------
      5538        476       1788         32       1664     572703   Object Totals
         0          0         32          0          0          0   (incl. Generated)
        22          0          0          2          0          0   (incl. Padding)

    ----------------------------------------------------------------------

      Code (inc. data)   RO Data    RW Data    ZI Data      Debug   Library Member Name

         8          0          0          0          0         68   __main.o
        14          0          0          0          0         68   __printf_wp.o
         0          0          0          0          0          0   __rtentry.o
        12          0          0          0          0          0   __rtentry2.o
         6          0          0          0          0          0   __rtentry4.o
        52          8          0          0          0          0   __scatter.o
        26          0          0          0          0          0   __scatter_copy.o
        28          0          0          0          0          0   __scatter_zi.o
        28          0          0          0          0         68   _chval.o
        22          0          0          0          0        100   _rserrno.o
        64          0          0          0          0         84   _sgetc.o
       228          4        148          0          0         96   bigflt0.o
      1924        136          0          0          0        756   btod.o
        18          0          0          0          0         80   exit.o
         6          0          0          0          0        152   heapauxi.o
         0          0          0          0          0          0   indicate_semi.o
        18          0          0          0          0         76   isspace.o
        44         10        272          0          0         76   lc_ctype_c.o
        44         10         28          0          0         76   lc_numeric_c.o
         2          0          0          0          0          0   libinit.o
        30          0          0          0          0          0   libinit2.o
         2          0          0          0          0          0   libshutdown.o
         2          0          0          0          0          0   libshutdown2.o
         8          4          0          0         96         68   libspace.o
        38          0          0          0          0         68   llshl.o
        16          4          0          0          0         76   rt_ctype_table.o
         8          4          0          0          0         68   rt_errno_addr_intlibspace.o
         8          4          0          0          0         68   rt_locale_intlibspace.o
         2          0          0          0          0          0   rtexit.o
        10          0          0          0          0          0   rtexit2.o
      1272         16          0          0          0        168   scanf_fp.o
       800         14          0          0          0        100   scanf_hexfp.o
       308         16          0          0          0        100   scanf_infnan.o
       128          0          0          0          0         68   strcmpv7m.o
       164         14          0          0          0        120   strtod.o
        12          4          0          0          0         68   sys_exit.o
        74          0          0          0          0         80   sys_stackheap_outer.o
         2          0          0          0          0         68   use_no_semi.o
        98          4          0          0          0         92   d2f.o
        16          4          0          0          0         68   dcheck1.o
        24          0          0          0          0         68   dcmpi.o
       120          4          0          0          0         92   deqf.o
       120          4          0          0          0         92   dleqf.o
       156          4          0          0          0         92   dnaninf.o
       108          0          0          0          0         80   drleqf.o
       430          8          0          0          0        168   faddsub_clz.o
        24          0          0          0          0         68   fcmpi.o
        54          4          0          0          0         84   ffix.o
        48          0          0          0          0         68   fflt_clz.o
       104          4          0          0          0         84   fleqf.o
       258          4          0          0          0         84   fmul.o
       140          4          0          0          0         84   fnaninf.o
         0          0         16          0          0          0   fpconst.o
        10          0          0          0          0         68   fretinf.o
        98          0          0          0          0         68   frleqf.o
         6          0          0          0          0         68   istatus.o
       100          0          0          0          0         68   retnan.o
        92          0          0          0          0         68   scalbn.o
         4          0          0          0          0         68   scanf1.o
         8          0          0          0          0         84   scanf2.o
        48          0          0          0          0         68   trapv.o
         0          0          0          0          0          0   usenofp.o
        42          0          0          0          0         84   atof.o
        30          6          0          0          0        136   dunder.o
        88          8          0          0          0         76   frexp.o
       138          0          0          0          0        160   ldexp.o
       204          4          0          0          0        168   narrow.o

    ----------------------------------------------------------------------
      8014        310        464          0         96       5228   Library Totals
        18          0          0          0          0          0   (incl. Padding)

    ----------------------------------------------------------------------

      Code (inc. data)   RO Data    RW Data    ZI Data      Debug   Library Name

      5428        248        448          0         96       2820   c_w.l
      2066         44         16          0          0       1784   fz_ws.l
       502         18          0          0          0        624   m_ws.l

    ----------------------------------------------------------------------
      8014        310        464          0         96       5228   Library Totals

    ----------------------------------------------------------------------

==============================================================================


      Code (inc. data)   RO Data    RW Data    ZI Data      Debug   

     13552        786       2252         32       1760     571375   Grand Totals
     13552        786       2252         32       1760     571375   ELF Image Totals
     13552        786       2252         32          0          0   ROM Totals

==============================================================================

    Total RO  Size (Code + RO Data)                15804 (  15.43kB)
    Total RW  Size (RW Data + ZI Data)              1792 (   1.75kB)
    Total ROM Size (Code + RO Data + RW Data)      15836 (  15.46kB)

==============================================================================

